{"sessionId":"225346","runId":"cli-kpkg-sync","hypothesisId":"H1","location":"tools/analyze_qemu_net_debug.py:203","message":"Packet capture summary","data":{"guestMac":"52:54:00:12:34:56","pcapPackets":22,"outboundArp":3,"inboundArp":3,"outboundSyn":1,"inboundTcp":5,"inboundSynAck":1},"timestamp":1778602597577}
{"sessionId":"225346","runId":"cli-kpkg-sync","hypothesisId":"H1","location":"tools/analyze_qemu_net_debug.py:220","message":"First outbound SYN validation","data":{"present":true,"srcIp":"10.0.2.15","dstIp":"104.21.44.39","srcPort":49153,"dstPort":80,"flags":2,"ipChecksumOk":true,"tcpChecksumOk":true,"frameLen":54},"timestamp":1778602597578}
{"sessionId":"225346","runId":"cli-kpkg-sync","hypothesisId":"H2","location":"tools/analyze_qemu_net_debug.py:240","message":"Inbound TCP response observation","data":{"inboundTcpPackets":5,"inboundSynAckPackets":1,"firstInboundFlags":18,"firstInboundSrcIp":"104.21.44.39","firstInboundDstIp":"10.0.2.15"},"timestamp":1778602597578}
{"sessionId":"225346","runId":"cli-kpkg-sync","hypothesisId":"H3","location":"tools/analyze_qemu_net_debug.py:254","message":"ARP and receive-path health","data":{"serialArpResolved":2,"serialArpReplies":3,"pcapInboundArp":3,"pcapOutboundArp":3,"serialTcpRxZeroTimeouts":0},"timestamp":1778602597579}
{"sessionId":"225346","runId":"cli-kpkg-sync","hypothesisId":"H4","location":"tools/analyze_qemu_net_debug.py:268","message":"Serial TCP connect outcome","data":{"synSent":1,"synTimeouts":0,"pcapAvailable":true,"serialPath":"qemu_boot_test.log","pcapPath":"qemu_net_dump.pcap"},"timestamp":1778602597579}
{"sessionId":"225346","runId":"cli-kpkg-sync","hypothesisId":"H5","location":"tools/analyze_qemu_net_debug.py:290","message":"Pre-TCP text-mode GUI path","data":{"forceTextMode":true,"loggedNoFramebufferError":false,"guiZeroBackbuffer":false,"wallpaperLoadsBeforeTcp":0},"timestamp":1778602597579}
{"sessionId":"225346","runId":"cli-kpkg-sync","hypothesisId":"H6","location":"tools/analyze_qemu_net_debug.py:305","message":"Pre-TCP keyboard init count","data":{"keyboardInitCountBeforeTcp":1},"timestamp":1778602597580}
{"sessionId":"225346","runId":"cli-kpkg-sync","hypothesisId":"H7","location":"tools/analyze_qemu_net_debug.py:316","message":"Pre-TCP mouse init degradation","data":{"mouseDefaultsFailedBeforeTcp":0,"mouseStreamingFailedBeforeTcp":0},"timestamp":1778602597581}
{"sessionId":"225346","runId":"cli-kpkg-sync","hypothesisId":"H8","location":"tools/analyze_qemu_net_debug.py:328","message":"Pre-TCP virtual console selection","data":{"vconsoleGuiActiveBeforeTcp":false},"timestamp":1778602597581}
{"sessionId":"225346","runId":"cli-kpkg-sync","hypothesisId":"H9","location":"tools/analyze_qemu_net_debug.py:343","message":"kpkg sync command routing","data":{"kpkgSyncInvoked":true,"misparsedAsInstallSync":false,"missingPackageSync":false},"timestamp":1778602597581}
{"sessionId":"225346","runId":"cli-kpkg-sync","hypothesisId":"H1","location":"tools/analyze_qemu_net_debug.py:203","message":"Packet capture summary","data":{"guestMac":"52:54:00:12:34:56","pcapPackets":20,"outboundArp":2,"inboundArp":2,"outboundSyn":1,"inboundTcp":5,"inboundSynAck":1},"timestamp":1778609847762}
{"sessionId":"225346","runId":"cli-kpkg-sync","hypothesisId":"H1","location":"tools/analyze_qemu_net_debug.py:220","message":"First outbound SYN validation","data":{"present":true,"srcIp":"10.0.2.15","dstIp":"104.21.44.39","srcPort":49153,"dstPort":80,"flags":2,"ipChecksumOk":true,"tcpChecksumOk":true,"frameLen":54},"timestamp":1778609847763}
{"sessionId":"225346","runId":"cli-kpkg-sync","hypothesisId":"H2","location":"tools/analyze_qemu_net_debug.py:240","message":"Inbound TCP response observation","data":{"inboundTcpPackets":5,"inboundSynAckPackets":1,"firstInboundFlags":18,"firstInboundSrcIp":"104.21.44.39","firstInboundDstIp":"10.0.2.15"},"timestamp":1778609847763}
{"sessionId":"225346","runId":"cli-kpkg-sync","hypothesisId":"H3","location":"tools/analyze_qemu_net_debug.py:254","message":"ARP and receive-path health","data":{"serialArpResolved":2,"serialArpReplies":2,"pcapInboundArp":2,"pcapOutboundArp":2,"serialTcpRxZeroTimeouts":0},"timestamp":1778609847764}
{"sessionId":"225346","runId":"cli-kpkg-sync","hypothesisId":"H4","location":"tools/analyze_qemu_net_debug.py:268","message":"Serial TCP connect outcome","data":{"synSent":1,"synTimeouts":0,"pcapAvailable":true,"serialPath":"qemu_boot_test.log","pcapPath":"qemu_net_dump.pcap"},"timestamp":1778609847764}
{"sessionId":"225346","runId":"cli-kpkg-sync","hypothesisId":"H5","location":"tools/analyze_qemu_net_debug.py:290","message":"Pre-TCP text-mode GUI path","data":{"forceTextMode":true,"loggedNoFramebufferError":false,"guiZeroBackbuffer":false,"wallpaperLoadsBeforeTcp":0},"timestamp":1778609847764}
{"sessionId":"225346","runId":"cli-kpkg-sync","hypothesisId":"H6","location":"tools/analyze_qemu_net_debug.py:305","message":"Pre-TCP keyboard init count","data":{"keyboardInitCountBeforeTcp":1},"timestamp":1778609847765}
{"sessionId":"225346","runId":"cli-kpkg-sync","hypothesisId":"H7","location":"tools/analyze_qemu_net_debug.py:316","message":"Pre-TCP mouse init degradation","data":{"mouseDefaultsFailedBeforeTcp":0,"mouseStreamingFailedBeforeTcp":0},"timestamp":1778609847765}
{"sessionId":"225346","runId":"cli-kpkg-sync","hypothesisId":"H8","location":"tools/analyze_qemu_net_debug.py:328","message":"Pre-TCP virtual console selection","data":{"vconsoleGuiActiveBeforeTcp":false},"timestamp":1778609847765}
{"sessionId":"225346","runId":"cli-kpkg-sync","hypothesisId":"H9","location":"tools/analyze_qemu_net_debug.py:343","message":"kpkg sync command routing","data":{"kpkgSyncInvoked":true,"misparsedAsInstallSync":false,"missingPackageSync":false},"timestamp":1778609847766}
{"sessionId":"225346","runId":"cli-kpkg-sync","hypothesisId":"H1","location":"tools/analyze_qemu_net_debug.py:203","message":"Packet capture summary","data":{"guestMac":"52:54:00:12:34:56","pcapPackets":20,"outboundArp":2,"inboundArp":2,"outboundSyn":1,"inboundTcp":5,"inboundSynAck":1},"timestamp":1778609889623}
{"sessionId":"225346","runId":"cli-kpkg-sync","hypothesisId":"H1","location":"tools/analyze_qemu_net_debug.py:220","message":"First outbound SYN validation","data":{"present":true,"srcIp":"10.0.2.15","dstIp":"104.21.44.39","srcPort":49153,"dstPort":80,"flags":2,"ipChecksumOk":true,"tcpChecksumOk":true,"frameLen":54},"timestamp":1778609889623}
{"sessionId":"225346","runId":"cli-kpkg-sync","hypothesisId":"H2","location":"tools/analyze_qemu_net_debug.py:240","message":"Inbound TCP response observation","data":{"inboundTcpPackets":5,"inboundSynAckPackets":1,"firstInboundFlags":18,"firstInboundSrcIp":"104.21.44.39","firstInboundDstIp":"10.0.2.15"},"timestamp":1778609889624}
{"sessionId":"225346","runId":"cli-kpkg-sync","hypothesisId":"H3","location":"tools/analyze_qemu_net_debug.py:254","message":"ARP and receive-path health","data":{"serialArpResolved":2,"serialArpReplies":2,"pcapInboundArp":2,"pcapOutboundArp":2,"serialTcpRxZeroTimeouts":0},"timestamp":1778609889624}
{"sessionId":"225346","runId":"cli-kpkg-sync","hypothesisId":"H4","location":"tools/analyze_qemu_net_debug.py:268","message":"Serial TCP connect outcome","data":{"synSent":1,"synTimeouts":0,"pcapAvailable":true,"serialPath":"qemu_boot_test.log","pcapPath":"qemu_net_dump.pcap"},"timestamp":1778609889625}
{"sessionId":"225346","runId":"cli-kpkg-sync","hypothesisId":"H5","location":"tools/analyze_qemu_net_debug.py:290","message":"Pre-TCP text-mode GUI path","data":{"forceTextMode":true,"loggedNoFramebufferError":false,"guiZeroBackbuffer":false,"wallpaperLoadsBeforeTcp":0},"timestamp":1778609889625}
{"sessionId":"225346","runId":"cli-kpkg-sync","hypothesisId":"H6","location":"tools/analyze_qemu_net_debug.py:305","message":"Pre-TCP keyboard init count","data":{"keyboardInitCountBeforeTcp":1},"timestamp":1778609889625}
{"sessionId":"225346","runId":"cli-kpkg-sync","hypothesisId":"H7","location":"tools/analyze_qemu_net_debug.py:316","message":"Pre-TCP mouse init degradation","data":{"mouseDefaultsFailedBeforeTcp":0,"mouseStreamingFailedBeforeTcp":0},"timestamp":1778609889626}
{"sessionId":"225346","runId":"cli-kpkg-sync","hypothesisId":"H8","location":"tools/analyze_qemu_net_debug.py:328","message":"Pre-TCP virtual console selection","data":{"vconsoleGuiActiveBeforeTcp":false},"timestamp":1778609889626}
{"sessionId":"225346","runId":"cli-kpkg-sync","hypothesisId":"H9","location":"tools/analyze_qemu_net_debug.py:343","message":"kpkg sync command routing","data":{"kpkgSyncInvoked":true,"misparsedAsInstallSync":false,"missingPackageSync":false},"timestamp":1778609889627}
{"sessionId":"225346","runId":"cli-kpkg-sync","hypothesisId":"H1","location":"tools/analyze_qemu_net_debug.py:203","message":"Packet capture summary","data":{"guestMac":"52:54:00:12:34:56","pcapPackets":0,"outboundArp":0,"inboundArp":0,"outboundSyn":0,"inboundTcp":0,"inboundSynAck":0},"timestamp":1778609981001}
{"sessionId":"225346","runId":"cli-kpkg-sync","hypothesisId":"H1","location":"tools/analyze_qemu_net_debug.py:220","message":"First outbound SYN validation","data":{"present":false,"srcIp":null,"dstIp":null,"srcPort":null,"dstPort":null,"flags":null,"ipChecksumOk":null,"tcpChecksumOk":null,"frameLen":null},"timestamp":1778609981001}
{"sessionId":"225346","runId":"cli-kpkg-sync","hypothesisId":"H2","location":"tools/analyze_qemu_net_debug.py:240","message":"Inbound TCP response observation","data":{"inboundTcpPackets":0,"inboundSynAckPackets":0,"firstInboundFlags":null,"firstInboundSrcIp":null,"firstInboundDstIp":null},"timestamp":1778609981002}
{"sessionId":"225346","runId":"cli-kpkg-sync","hypothesisId":"H3","location":"tools/analyze_qemu_net_debug.py:254","message":"ARP and receive-path health","data":{"serialArpResolved":0,"serialArpReplies":0,"pcapInboundArp":0,"pcapOutboundArp":0,"serialTcpRxZeroTimeouts":0},"timestamp":1778609981002}
{"sessionId":"225346","runId":"cli-kpkg-sync","hypothesisId":"H4","location":"tools/analyze_qemu_net_debug.py:268","message":"Serial TCP connect outcome","data":{"synSent":0,"synTimeouts":0,"pcapAvailable":true,"serialPath":"qemu_boot_test.log","pcapPath":"qemu_net_dump.pcap"},"timestamp":1778609981003}
{"sessionId":"225346","runId":"cli-kpkg-sync","hypothesisId":"H5","location":"tools/analyze_qemu_net_debug.py:290","message":"Pre-TCP text-mode GUI path","data":{"forceTextMode":true,"loggedNoFramebufferError":false,"guiZeroBackbuffer":false,"wallpaperLoadsBeforeTcp":0},"timestamp":1778609981003}
{"sessionId":"225346","runId":"cli-kpkg-sync","hypothesisId":"H6","location":"tools/analyze_qemu_net_debug.py:305","message":"Pre-TCP keyboard init count","data":{"keyboardInitCountBeforeTcp":1},"timestamp":1778609981003}
{"sessionId":"225346","runId":"cli-kpkg-sync","hypothesisId":"H7","location":"tools/analyze_qemu_net_debug.py:316","message":"Pre-TCP mouse init degradation","data":{"mouseDefaultsFailedBeforeTcp":0,"mouseStreamingFailedBeforeTcp":0},"timestamp":1778609981004}
{"sessionId":"225346","runId":"cli-kpkg-sync","hypothesisId":"H8","location":"tools/analyze_qemu_net_debug.py:328","message":"Pre-TCP virtual console selection","data":{"vconsoleGuiActiveBeforeTcp":false},"timestamp":1778609981004}
{"sessionId":"225346","runId":"cli-kpkg-sync","hypothesisId":"H9","location":"tools/analyze_qemu_net_debug.py:343","message":"kpkg sync command routing","data":{"kpkgSyncInvoked":false,"misparsedAsInstallSync":false,"missingPackageSync":false},"timestamp":1778609981004}
{"sessionId":"225346","runId":"cli-kpkg-sync","hypothesisId":"H1","location":"tools/analyze_qemu_net_debug.py:203","message":"Packet capture summary","data":{"guestMac":"52:54:00:12:34:56","pcapPackets":0,"outboundArp":0,"inboundArp":0,"outboundSyn":0,"inboundTcp":0,"inboundSynAck":0},"timestamp":1778621871397}
{"sessionId":"225346","runId":"cli-kpkg-sync","hypothesisId":"H1","location":"tools/analyze_qemu_net_debug.py:220","message":"First outbound SYN validation","data":{"present":false,"srcIp":null,"dstIp":null,"srcPort":null,"dstPort":null,"flags":null,"ipChecksumOk":null,"tcpChecksumOk":null,"frameLen":null},"timestamp":1778621871398}
{"sessionId":"225346","runId":"cli-kpkg-sync","hypothesisId":"H2","location":"tools/analyze_qemu_net_debug.py:240","message":"Inbound TCP response observation","data":{"inboundTcpPackets":0,"inboundSynAckPackets":0,"firstInboundFlags":null,"firstInboundSrcIp":null,"firstInboundDstIp":null},"timestamp":1778621871398}
{"sessionId":"225346","runId":"cli-kpkg-sync","hypothesisId":"H3","location":"tools/analyze_qemu_net_debug.py:254","message":"ARP and receive-path health","data":{"serialArpResolved":0,"serialArpReplies":0,"pcapInboundArp":0,"pcapOutboundArp":0,"serialTcpRxZeroTimeouts":0},"timestamp":1778621871398}
{"sessionId":"225346","runId":"cli-kpkg-sync","hypothesisId":"H4","location":"tools/analyze_qemu_net_debug.py:268","message":"Serial TCP connect outcome","data":{"synSent":0,"synTimeouts":0,"pcapAvailable":true,"serialPath":"qemu_boot_test.log","pcapPath":"qemu_net_dump.pcap"},"timestamp":1778621871399}
{"sessionId":"225346","runId":"cli-kpkg-sync","hypothesisId":"H5","location":"tools/analyze_qemu_net_debug.py:290","message":"Pre-TCP text-mode GUI path","data":{"forceTextMode":false,"loggedNoFramebufferError":false,"guiZeroBackbuffer":false,"wallpaperLoadsBeforeTcp":1},"timestamp":1778621871399}
{"sessionId":"225346","runId":"cli-kpkg-sync","hypothesisId":"H6","location":"tools/analyze_qemu_net_debug.py:305","message":"Pre-TCP keyboard init count","data":{"keyboardInitCountBeforeTcp":1},"timestamp":1778621871399}
{"sessionId":"225346","runId":"cli-kpkg-sync","hypothesisId":"H7","location":"tools/analyze_qemu_net_debug.py:316","message":"Pre-TCP mouse init degradation","data":{"mouseDefaultsFailedBeforeTcp":0,"mouseStreamingFailedBeforeTcp":0},"timestamp":1778621871399}
{"sessionId":"225346","runId":"cli-kpkg-sync","hypothesisId":"H8","location":"tools/analyze_qemu_net_debug.py:328","message":"Pre-TCP virtual console selection","data":{"vconsoleGuiActiveBeforeTcp":true},"timestamp":1778621871400}
{"sessionId":"225346","runId":"cli-kpkg-sync","hypothesisId":"H9","location":"tools/analyze_qemu_net_debug.py:343","message":"kpkg sync command routing","data":{"kpkgSyncInvoked":false,"misparsedAsInstallSync":false,"missingPackageSync":false},"timestamp":1778621871400}
{"sessionId":"225346","runId":"cli-kpkg-sync","hypothesisId":"H1","location":"tools/analyze_qemu_net_debug.py:203","message":"Packet capture summary","data":{"guestMac":"52:54:00:12:34:56","pcapPackets":20,"outboundArp":2,"inboundArp":2,"outboundSyn":1,"inboundTcp":5,"inboundSynAck":1},"timestamp":1778622032842}
{"sessionId":"225346","runId":"cli-kpkg-sync","hypothesisId":"H1","location":"tools/analyze_qemu_net_debug.py:220","message":"First outbound SYN validation","data":{"present":true,"srcIp":"10.0.2.15","dstIp":"104.21.44.39","srcPort":49153,"dstPort":80,"flags":2,"ipChecksumOk":true,"tcpChecksumOk":true,"frameLen":54},"timestamp":1778622032842}
{"sessionId":"225346","runId":"cli-kpkg-sync","hypothesisId":"H2","location":"tools/analyze_qemu_net_debug.py:240","message":"Inbound TCP response observation","data":{"inboundTcpPackets":5,"inboundSynAckPackets":1,"firstInboundFlags":18,"firstInboundSrcIp":"104.21.44.39","firstInboundDstIp":"10.0.2.15"},"timestamp":1778622032843}
{"sessionId":"225346","runId":"cli-kpkg-sync","hypothesisId":"H3","location":"tools/analyze_qemu_net_debug.py:254","message":"ARP and receive-path health","data":{"serialArpResolved":2,"serialArpReplies":2,"pcapInboundArp":2,"pcapOutboundArp":2,"serialTcpRxZeroTimeouts":0},"timestamp":1778622032843}
{"sessionId":"225346","runId":"cli-kpkg-sync","hypothesisId":"H4","location":"tools/analyze_qemu_net_debug.py:268","message":"Serial TCP connect outcome","data":{"synSent":1,"synTimeouts":0,"pcapAvailable":true,"serialPath":"qemu_boot_test.log","pcapPath":"qemu_net_dump.pcap"},"timestamp":1778622032843}
{"sessionId":"225346","runId":"cli-kpkg-sync","hypothesisId":"H5","location":"tools/analyze_qemu_net_debug.py:290","message":"Pre-TCP text-mode GUI path","data":{"forceTextMode":true,"loggedNoFramebufferError":false,"guiZeroBackbuffer":false,"wallpaperLoadsBeforeTcp":0},"timestamp":1778622032843}
{"sessionId":"225346","runId":"cli-kpkg-sync","hypothesisId":"H6","location":"tools/analyze_qemu_net_debug.py:305","message":"Pre-TCP keyboard init count","data":{"keyboardInitCountBeforeTcp":1},"timestamp":1778622032844}
{"sessionId":"225346","runId":"cli-kpkg-sync","hypothesisId":"H7","location":"tools/analyze_qemu_net_debug.py:316","message":"Pre-TCP mouse init degradation","data":{"mouseDefaultsFailedBeforeTcp":0,"mouseStreamingFailedBeforeTcp":0},"timestamp":1778622032844}
{"sessionId":"225346","runId":"cli-kpkg-sync","hypothesisId":"H8","location":"tools/analyze_qemu_net_debug.py:328","message":"Pre-TCP virtual console selection","data":{"vconsoleGuiActiveBeforeTcp":false},"timestamp":1778622032844}
{"sessionId":"225346","runId":"cli-kpkg-sync","hypothesisId":"H9","location":"tools/analyze_qemu_net_debug.py:343","message":"kpkg sync command routing","data":{"kpkgSyncInvoked":true,"misparsedAsInstallSync":false,"missingPackageSync":false},"timestamp":1778622032845}
{"sessionId":"225346","runId":"cli-kpkg-sync","hypothesisId":"H1","location":"tools/analyze_qemu_net_debug.py:203","message":"Packet capture summary","data":{"guestMac":"52:54:00:12:34:56","pcapPackets":12,"outboundArp":2,"inboundArp":2,"outboundSyn":0,"inboundTcp":0,"inboundSynAck":0},"timestamp":1778622173813}
{"sessionId":"225346","runId":"cli-kpkg-sync","hypothesisId":"H1","location":"tools/analyze_qemu_net_debug.py:220","message":"First outbound SYN validation","data":{"present":false,"srcIp":null,"dstIp":null,"srcPort":null,"dstPort":null,"flags":null,"ipChecksumOk":null,"tcpChecksumOk":null,"frameLen":null},"timestamp":1778622173813}
{"sessionId":"225346","runId":"cli-kpkg-sync","hypothesisId":"H2","location":"tools/analyze_qemu_net_debug.py:240","message":"Inbound TCP response observation","data":{"inboundTcpPackets":0,"inboundSynAckPackets":0,"firstInboundFlags":null,"firstInboundSrcIp":null,"firstInboundDstIp":null},"timestamp":1778622173814}
{"sessionId":"225346","runId":"cli-kpkg-sync","hypothesisId":"H3","location":"tools/analyze_qemu_net_debug.py:254","message":"ARP and receive-path health","data":{"serialArpResolved":1,"serialArpReplies":2,"pcapInboundArp":2,"pcapOutboundArp":2,"serialTcpRxZeroTimeouts":0},"timestamp":1778622173814}
{"sessionId":"225346","runId":"cli-kpkg-sync","hypothesisId":"H4","location":"tools/analyze_qemu_net_debug.py:268","message":"Serial TCP connect outcome","data":{"synSent":0,"synTimeouts":0,"pcapAvailable":true,"serialPath":"qemu_boot_test.log","pcapPath":"qemu_net_dump.pcap"},"timestamp":1778622173814}
{"sessionId":"225346","runId":"cli-kpkg-sync","hypothesisId":"H5","location":"tools/analyze_qemu_net_debug.py:290","message":"Pre-TCP text-mode GUI path","data":{"forceTextMode":true,"loggedNoFramebufferError":false,"guiZeroBackbuffer":false,"wallpaperLoadsBeforeTcp":0},"timestamp":1778622173815}
{"sessionId":"225346","runId":"cli-kpkg-sync","hypothesisId":"H6","location":"tools/analyze_qemu_net_debug.py:305","message":"Pre-TCP keyboard init count","data":{"keyboardInitCountBeforeTcp":1},"timestamp":1778622173815}
{"sessionId":"225346","runId":"cli-kpkg-sync","hypothesisId":"H7","location":"tools/analyze_qemu_net_debug.py:316","message":"Pre-TCP mouse init degradation","data":{"mouseDefaultsFailedBeforeTcp":0,"mouseStreamingFailedBeforeTcp":0},"timestamp":1778622173815}
{"sessionId":"225346","runId":"cli-kpkg-sync","hypothesisId":"H8","location":"tools/analyze_qemu_net_debug.py:328","message":"Pre-TCP virtual console selection","data":{"vconsoleGuiActiveBeforeTcp":false},"timestamp":1778622173816}
{"sessionId":"225346","runId":"cli-kpkg-sync","hypothesisId":"H9","location":"tools/analyze_qemu_net_debug.py:343","message":"kpkg sync command routing","data":{"kpkgSyncInvoked":false,"misparsedAsInstallSync":false,"missingPackageSync":false},"timestamp":1778622173816}
{"sessionId":"225346","runId":"cli-kpkg-sync","hypothesisId":"H1","location":"tools/analyze_qemu_net_debug.py:203","message":"Packet capture summary","data":{"guestMac":"52:54:00:12:34:56","pcapPackets":0,"outboundArp":0,"inboundArp":0,"outboundSyn":0,"inboundTcp":0,"inboundSynAck":0},"timestamp":1778624568875}
{"sessionId":"225346","runId":"cli-kpkg-sync","hypothesisId":"H1","location":"tools/analyze_qemu_net_debug.py:220","message":"First outbound SYN validation","data":{"present":false,"srcIp":null,"dstIp":null,"srcPort":null,"dstPort":null,"flags":null,"ipChecksumOk":null,"tcpChecksumOk":null,"frameLen":null},"timestamp":1778624568875}
{"sessionId":"225346","runId":"cli-kpkg-sync","hypothesisId":"H2","location":"tools/analyze_qemu_net_debug.py:240","message":"Inbound TCP response observation","data":{"inboundTcpPackets":0,"inboundSynAckPackets":0,"firstInboundFlags":null,"firstInboundSrcIp":null,"firstInboundDstIp":null},"timestamp":1778624568876}
{"sessionId":"225346","runId":"cli-kpkg-sync","hypothesisId":"H3","location":"tools/analyze_qemu_net_debug.py:254","message":"ARP and receive-path health","data":{"serialArpResolved":0,"serialArpReplies":0,"pcapInboundArp":0,"pcapOutboundArp":0,"serialTcpRxZeroTimeouts":0},"timestamp":1778624568876}
{"sessionId":"225346","runId":"cli-kpkg-sync","hypothesisId":"H4","location":"tools/analyze_qemu_net_debug.py:268","message":"Serial TCP connect outcome","data":{"synSent":0,"synTimeouts":0,"pcapAvailable":true,"serialPath":"qemu_boot_test.log","pcapPath":"qemu_net_dump.pcap"},"timestamp":1778624568876}
{"sessionId":"225346","runId":"cli-kpkg-sync","hypothesisId":"H5","location":"tools/analyze_qemu_net_debug.py:290","message":"Pre-TCP text-mode GUI path","data":{"forceTextMode":false,"loggedNoFramebufferError":false,"guiZeroBackbuffer":false,"wallpaperLoadsBeforeTcp":0},"timestamp":1778624568877}
{"sessionId":"225346","runId":"cli-kpkg-sync","hypothesisId":"H6","location":"tools/analyze_qemu_net_debug.py:305","message":"Pre-TCP keyboard init count","data":{"keyboardInitCountBeforeTcp":0},"timestamp":1778624568877}
{"sessionId":"225346","runId":"cli-kpkg-sync","hypothesisId":"H7","location":"tools/analyze_qemu_net_debug.py:316","message":"Pre-TCP mouse init degradation","data":{"mouseDefaultsFailedBeforeTcp":0,"mouseStreamingFailedBeforeTcp":0},"timestamp":1778624568877}
{"sessionId":"225346","runId":"cli-kpkg-sync","hypothesisId":"H8","location":"tools/analyze_qemu_net_debug.py:328","message":"Pre-TCP virtual console selection","data":{"vconsoleGuiActiveBeforeTcp":false},"timestamp":1778624568878}
{"sessionId":"225346","runId":"cli-kpkg-sync","hypothesisId":"H9","location":"tools/analyze_qemu_net_debug.py:343","message":"kpkg sync command routing","data":{"kpkgSyncInvoked":false,"misparsedAsInstallSync":false,"missingPackageSync":false},"timestamp":1778624568878}
{"sessionId":"225346","runId":"cli-kpkg-sync","hypothesisId":"H1","location":"tools/analyze_qemu_net_debug.py:203","message":"Packet capture summary","data":{"guestMac":"52:54:00:12:34:56","pcapPackets":0,"outboundArp":0,"inboundArp":0,"outboundSyn":0,"inboundTcp":0,"inboundSynAck":0},"timestamp":1778624568889}
{"sessionId":"225346","runId":"cli-kpkg-sync","hypothesisId":"H1","location":"tools/analyze_qemu_net_debug.py:220","message":"First outbound SYN validation","data":{"present":false,"srcIp":null,"dstIp":null,"srcPort":null,"dstPort":null,"flags":null,"ipChecksumOk":null,"tcpChecksumOk":null,"frameLen":null},"timestamp":1778624568889}
{"sessionId":"225346","runId":"cli-kpkg-sync","hypothesisId":"H2","location":"tools/analyze_qemu_net_debug.py:240","message":"Inbound TCP response observation","data":{"inboundTcpPackets":0,"inboundSynAckPackets":0,"firstInboundFlags":null,"firstInboundSrcIp":null,"firstInboundDstIp":null},"timestamp":1778624568890}
{"sessionId":"225346","runId":"cli-kpkg-sync","hypothesisId":"H3","location":"tools/analyze_qemu_net_debug.py:254","message":"ARP and receive-path health","data":{"serialArpResolved":0,"serialArpReplies":0,"pcapInboundArp":0,"pcapOutboundArp":0,"serialTcpRxZeroTimeouts":0},"timestamp":1778624568890}
{"sessionId":"225346","runId":"cli-kpkg-sync","hypothesisId":"H4","location":"tools/analyze_qemu_net_debug.py:268","message":"Serial TCP connect outcome","data":{"synSent":0,"synTimeouts":0,"pcapAvailable":true,"serialPath":"qemu_boot_test.log","pcapPath":"qemu_net_dump.pcap"},"timestamp":1778624568890}
{"sessionId":"225346","runId":"cli-kpkg-sync","hypothesisId":"H5","location":"tools/analyze_qemu_net_debug.py:290","message":"Pre-TCP text-mode GUI path","data":{"forceTextMode":false,"loggedNoFramebufferError":false,"guiZeroBackbuffer":false,"wallpaperLoadsBeforeTcp":0},"timestamp":1778624568891}
{"sessionId":"225346","runId":"cli-kpkg-sync","hypothesisId":"H6","location":"tools/analyze_qemu_net_debug.py:305","message":"Pre-TCP keyboard init count","data":{"keyboardInitCountBeforeTcp":0},"timestamp":1778624568891}
{"sessionId":"225346","runId":"cli-kpkg-sync","hypothesisId":"H7","location":"tools/analyze_qemu_net_debug.py:316","message":"Pre-TCP mouse init degradation","data":{"mouseDefaultsFailedBeforeTcp":0,"mouseStreamingFailedBeforeTcp":0},"timestamp":1778624568891}
{"sessionId":"225346","runId":"cli-kpkg-sync","hypothesisId":"H8","location":"tools/analyze_qemu_net_debug.py:328","message":"Pre-TCP virtual console selection","data":{"vconsoleGuiActiveBeforeTcp":false},"timestamp":1778624568892}
{"sessionId":"225346","runId":"cli-kpkg-sync","hypothesisId":"H9","location":"tools/analyze_qemu_net_debug.py:343","message":"kpkg sync command routing","data":{"kpkgSyncInvoked":false,"misparsedAsInstallSync":false,"missingPackageSync":false},"timestamp":1778624568892}
{"sessionId":"225346","runId":"cli-kpkg-sync","hypothesisId":"H1","location":"tools/analyze_qemu_net_debug.py:203","message":"Packet capture summary","data":{"guestMac":"52:54:00:12:34:56","pcapPackets":0,"outboundArp":0,"inboundArp":0,"outboundSyn":0,"inboundTcp":0,"inboundSynAck":0},"timestamp":1778624637965}
{"sessionId":"225346","runId":"cli-kpkg-sync","hypothesisId":"H1","location":"tools/analyze_qemu_net_debug.py:220","message":"First outbound SYN validation","data":{"present":false,"srcIp":null,"dstIp":null,"srcPort":null,"dstPort":null,"flags":null,"ipChecksumOk":null,"tcpChecksumOk":null,"frameLen":null},"timestamp":1778624637965}
{"sessionId":"225346","runId":"cli-kpkg-sync","hypothesisId":"H2","location":"tools/analyze_qemu_net_debug.py:240","message":"Inbound TCP response observation","data":{"inboundTcpPackets":0,"inboundSynAckPackets":0,"firstInboundFlags":null,"firstInboundSrcIp":null,"firstInboundDstIp":null},"timestamp":1778624637966}
{"sessionId":"225346","runId":"cli-kpkg-sync","hypothesisId":"H3","location":"tools/analyze_qemu_net_debug.py:254","message":"ARP and receive-path health","data":{"serialArpResolved":0,"serialArpReplies":0,"pcapInboundArp":0,"pcapOutboundArp":0,"serialTcpRxZeroTimeouts":0},"timestamp":1778624637967}
{"sessionId":"225346","runId":"cli-kpkg-sync","hypothesisId":"H4","location":"tools/analyze_qemu_net_debug.py:268","message":"Serial TCP connect outcome","data":{"synSent":0,"synTimeouts":0,"pcapAvailable":true,"serialPath":"qemu_boot_test.log","pcapPath":"qemu_net_dump.pcap"},"timestamp":1778624637967}
{"sessionId":"225346","runId":"cli-kpkg-sync","hypothesisId":"H5","location":"tools/analyze_qemu_net_debug.py:290","message":"Pre-TCP text-mode GUI path","data":{"forceTextMode":false,"loggedNoFramebufferError":false,"guiZeroBackbuffer":false,"wallpaperLoadsBeforeTcp":0},"timestamp":1778624637968}
{"sessionId":"225346","runId":"cli-kpkg-sync","hypothesisId":"H6","location":"tools/analyze_qemu_net_debug.py:305","message":"Pre-TCP keyboard init count","data":{"keyboardInitCountBeforeTcp":0},"timestamp":1778624637968}
{"sessionId":"225346","runId":"cli-kpkg-sync","hypothesisId":"H7","location":"tools/analyze_qemu_net_debug.py:316","message":"Pre-TCP mouse init degradation","data":{"mouseDefaultsFailedBeforeTcp":0,"mouseStreamingFailedBeforeTcp":0},"timestamp":1778624637969}
{"sessionId":"225346","runId":"cli-kpkg-sync","hypothesisId":"H8","location":"tools/analyze_qemu_net_debug.py:328","message":"Pre-TCP virtual console selection","data":{"vconsoleGuiActiveBeforeTcp":false},"timestamp":1778624637969}
{"sessionId":"225346","runId":"cli-kpkg-sync","hypothesisId":"H9","location":"tools/analyze_qemu_net_debug.py:343","message":"kpkg sync command routing","data":{"kpkgSyncInvoked":false,"misparsedAsInstallSync":false,"missingPackageSync":false},"timestamp":1778624637970}
{"sessionId":"225346","runId":"cli-kpkg-sync","hypothesisId":"H1","location":"tools/analyze_qemu_net_debug.py:203","message":"Packet capture summary","data":{"guestMac":"52:54:00:12:34:56","pcapPackets":20,"outboundArp":2,"inboundArp":2,"outboundSyn":1,"inboundTcp":5,"inboundSynAck":1},"timestamp":1778624803583}
{"sessionId":"225346","runId":"cli-kpkg-sync","hypothesisId":"H1","location":"tools/analyze_qemu_net_debug.py:220","message":"First outbound SYN validation","data":{"present":true,"srcIp":"10.0.2.15","dstIp":"104.21.44.39","srcPort":49153,"dstPort":80,"flags":2,"ipChecksumOk":true,"tcpChecksumOk":true,"frameLen":54},"timestamp":1778624803584}
{"sessionId":"225346","runId":"cli-kpkg-sync","hypothesisId":"H2","location":"tools/analyze_qemu_net_debug.py:240","message":"Inbound TCP response observation","data":{"inboundTcpPackets":5,"inboundSynAckPackets":1,"firstInboundFlags":18,"firstInboundSrcIp":"104.21.44.39","firstInboundDstIp":"10.0.2.15"},"timestamp":1778624803584}
{"sessionId":"225346","runId":"cli-kpkg-sync","hypothesisId":"H3","location":"tools/analyze_qemu_net_debug.py:254","message":"ARP and receive-path health","data":{"serialArpResolved":2,"serialArpReplies":2,"pcapInboundArp":2,"pcapOutboundArp":2,"serialTcpRxZeroTimeouts":0},"timestamp":1778624803584}
{"sessionId":"225346","runId":"cli-kpkg-sync","hypothesisId":"H4","location":"tools/analyze_qemu_net_debug.py:268","message":"Serial TCP connect outcome","data":{"synSent":1,"synTimeouts":0,"pcapAvailable":true,"serialPath":"qemu_boot_test.log","pcapPath":"qemu_net_dump.pcap"},"timestamp":1778624803585}
{"sessionId":"225346","runId":"cli-kpkg-sync","hypothesisId":"H5","location":"tools/analyze_qemu_net_debug.py:290","message":"Pre-TCP text-mode GUI path","data":{"forceTextMode":true,"loggedNoFramebufferError":false,"guiZeroBackbuffer":false,"wallpaperLoadsBeforeTcp":0},"timestamp":1778624803585}
{"sessionId":"225346","runId":"cli-kpkg-sync","hypothesisId":"H6","location":"tools/analyze_qemu_net_debug.py:305","message":"Pre-TCP keyboard init count","data":{"keyboardInitCountBeforeTcp":1},"timestamp":1778624803586}
{"sessionId":"225346","runId":"cli-kpkg-sync","hypothesisId":"H7","location":"tools/analyze_qemu_net_debug.py:316","message":"Pre-TCP mouse init degradation","data":{"mouseDefaultsFailedBeforeTcp":0,"mouseStreamingFailedBeforeTcp":0},"timestamp":1778624803586}
{"sessionId":"225346","runId":"cli-kpkg-sync","hypothesisId":"H8","location":"tools/analyze_qemu_net_debug.py:328","message":"Pre-TCP virtual console selection","data":{"vconsoleGuiActiveBeforeTcp":false},"timestamp":1778624803587}
{"sessionId":"225346","runId":"cli-kpkg-sync","hypothesisId":"H9","location":"tools/analyze_qemu_net_debug.py:343","message":"kpkg sync command routing","data":{"kpkgSyncInvoked":true,"misparsedAsInstallSync":false,"missingPackageSync":false},"timestamp":1778624803587}
{"sessionId":"225346","runId":"cli-kpkg-sync","hypothesisId":"H1","location":"tools/analyze_qemu_net_debug.py:203","message":"Packet capture summary","data":{"guestMac":"52:54:00:12:34:56","pcapPackets":0,"outboundArp":0,"inboundArp":0,"outboundSyn":0,"inboundTcp":0,"inboundSynAck":0},"timestamp":1778624814010}
{"sessionId":"225346","runId":"cli-kpkg-sync","hypothesisId":"H1","location":"tools/analyze_qemu_net_debug.py:220","message":"First outbound SYN validation","data":{"present":false,"srcIp":null,"dstIp":null,"srcPort":null,"dstPort":null,"flags":null,"ipChecksumOk":null,"tcpChecksumOk":null,"frameLen":null},"timestamp":1778624814010}
{"sessionId":"225346","runId":"cli-kpkg-sync","hypothesisId":"H2","location":"tools/analyze_qemu_net_debug.py:240","message":"Inbound TCP response observation","data":{"inboundTcpPackets":0,"inboundSynAckPackets":0,"firstInboundFlags":null,"firstInboundSrcIp":null,"firstInboundDstIp":null},"timestamp":1778624814011}
{"sessionId":"225346","runId":"cli-kpkg-sync","hypothesisId":"H3","location":"tools/analyze_qemu_net_debug.py:254","message":"ARP and receive-path health","data":{"serialArpResolved":0,"serialArpReplies":0,"pcapInboundArp":0,"pcapOutboundArp":0,"serialTcpRxZeroTimeouts":0},"timestamp":1778624814011}
{"sessionId":"225346","runId":"cli-kpkg-sync","hypothesisId":"H4","location":"tools/analyze_qemu_net_debug.py:268","message":"Serial TCP connect outcome","data":{"synSent":0,"synTimeouts":0,"pcapAvailable":true,"serialPath":"qemu_boot_test.log","pcapPath":"qemu_net_dump.pcap"},"timestamp":1778624814012}
{"sessionId":"225346","runId":"cli-kpkg-sync","hypothesisId":"H5","location":"tools/analyze_qemu_net_debug.py:290","message":"Pre-TCP text-mode GUI path","data":{"forceTextMode":false,"loggedNoFramebufferError":false,"guiZeroBackbuffer":false,"wallpaperLoadsBeforeTcp":0},"timestamp":1778624814012}
{"sessionId":"225346","runId":"cli-kpkg-sync","hypothesisId":"H1","location":"tools/analyze_qemu_net_debug.py:203","message":"Packet capture summary","data":{"guestMac":"52:54:00:12:34:56","pcapPackets":0,"outboundArp":0,"inboundArp":0,"outboundSyn":0,"inboundTcp":0,"inboundSynAck":0},"timestamp":1778624814012}
{"sessionId":"225346","runId":"cli-kpkg-sync","hypothesisId":"H6","location":"tools/analyze_qemu_net_debug.py:305","message":"Pre-TCP keyboard init count","data":{"keyboardInitCountBeforeTcp":0},"timestamp":1778624814013}
{"sessionId":"225346","runId":"cli-kpkg-sync","hypothesisId":"H1","location":"tools/analyze_qemu_net_debug.py:220","message":"First outbound SYN validation","data":{"present":false,"srcIp":null,"dstIp":null,"srcPort":null,"dstPort":null,"flags":null,"ipChecksumOk":null,"tcpChecksumOk":null,"frameLen":null},"timestamp":1778624814013}
{"sessionId":"225346","runId":"cli-kpkg-sync","hypothesisId":"H7","location":"tools/analyze_qemu_net_debug.py:316","message":"Pre-TCP mouse init degradation","data":{"mouseDefaultsFailedBeforeTcp":0,"mouseStreamingFailedBeforeTcp":0},"timestamp":1778624814013}
{"sessionId":"225346","runId":"cli-kpkg-sync","hypothesisId":"H2","location":"tools/analyze_qemu_net_debug.py:240","message":"Inbound TCP response observation","data":{"inboundTcpPackets":0,"inboundSynAckPackets":0,"firstInboundFlags":null,"firstInboundSrcIp":null,"firstInboundDstIp":null},"timestamp":1778624814013}
{"sessionId":"225346","runId":"cli-kpkg-sync","hypothesisId":"H8","location":"tools/analyze_qemu_net_debug.py:328","message":"Pre-TCP virtual console selection","data":{"vconsoleGuiActiveBeforeTcp":false},"timestamp":1778624814014}
{"sessionId":"225346","runId":"cli-kpkg-sync","hypothesisId":"H3","location":"tools/analyze_qemu_net_debug.py:254","message":"ARP and receive-path health","data":{"serialArpResolved":0,"serialArpReplies":0,"pcapInboundArp":0,"pcapOutboundArp":0,"serialTcpRxZeroTimeouts":0},"timestamp":1778624814014}
{"sessionId":"225346","runId":"cli-kpkg-sync","hypothesisId":"H9","location":"tools/analyze_qemu_net_debug.py:343","message":"kpkg sync command routing","data":{"kpkgSyncInvoked":false,"misparsedAsInstallSync":false,"missingPackageSync":false},"timestamp":1778624814014}
{"sessionId":"225346","runId":"cli-kpkg-sync","hypothesisId":"H4","location":"tools/analyze_qemu_net_debug.py:268","message":"Serial TCP connect outcome","data":{"synSent":0,"synTimeouts":0,"pcapAvailable":true,"serialPath":"qemu_boot_test.log","pcapPath":"qemu_net_dump.pcap"},"timestamp":1778624814014}
{"sessionId":"225346","runId":"cli-kpkg-sync","hypothesisId":"H5","location":"tools/analyze_qemu_net_debug.py:290","message":"Pre-TCP text-mode GUI path","data":{"forceTextMode":false,"loggedNoFramebufferError":false,"guiZeroBackbuffer":false,"wallpaperLoadsBeforeTcp":0},"timestamp":1778624814015}
{"sessionId":"225346","runId":"cli-kpkg-sync","hypothesisId":"H6","location":"tools/analyze_qemu_net_debug.py:305","message":"Pre-TCP keyboard init count","data":{"keyboardInitCountBeforeTcp":0},"timestamp":1778624814015}
{"sessionId":"225346","runId":"cli-kpkg-sync","hypothesisId":"H7","location":"tools/analyze_qemu_net_debug.py:316","message":"Pre-TCP mouse init degradation","data":{"mouseDefaultsFailedBeforeTcp":0,"mouseStreamingFailedBeforeTcp":0},"timestamp":1778624814015}
{"sessionId":"225346","runId":"cli-kpkg-sync","hypothesisId":"H8","location":"tools/analyze_qemu_net_debug.py:328","message":"Pre-TCP virtual console selection","data":{"vconsoleGuiActiveBeforeTcp":false},"timestamp":1778624814015}
{"sessionId":"225346","runId":"cli-kpkg-sync","hypothesisId":"H9","location":"tools/analyze_qemu_net_debug.py:343","message":"kpkg sync command routing","data":{"kpkgSyncInvoked":false,"misparsedAsInstallSync":false,"missingPackageSync":false},"timestamp":1778624814016}
{"sessionId":"225346","runId":"cli-kpkg-sync","hypothesisId":"H1","location":"tools/analyze_qemu_net_debug.py:203","message":"Packet capture summary","data":{"guestMac":"52:54:00:12:34:56","pcapPackets":20,"outboundArp":2,"inboundArp":2,"outboundSyn":1,"inboundTcp":5,"inboundSynAck":1},"timestamp":1778624883086}
{"sessionId":"225346","runId":"cli-kpkg-sync","hypothesisId":"H1","location":"tools/analyze_qemu_net_debug.py:220","message":"First outbound SYN validation","data":{"present":true,"srcIp":"10.0.2.15","dstIp":"104.21.44.39","srcPort":49153,"dstPort":80,"flags":2,"ipChecksumOk":true,"tcpChecksumOk":true,"frameLen":54},"timestamp":1778624883086}
{"sessionId":"225346","runId":"cli-kpkg-sync","hypothesisId":"H2","location":"tools/analyze_qemu_net_debug.py:240","message":"Inbound TCP response observation","data":{"inboundTcpPackets":5,"inboundSynAckPackets":1,"firstInboundFlags":18,"firstInboundSrcIp":"104.21.44.39","firstInboundDstIp":"10.0.2.15"},"timestamp":1778624883087}
{"sessionId":"225346","runId":"cli-kpkg-sync","hypothesisId":"H3","location":"tools/analyze_qemu_net_debug.py:254","message":"ARP and receive-path health","data":{"serialArpResolved":2,"serialArpReplies":2,"pcapInboundArp":2,"pcapOutboundArp":2,"serialTcpRxZeroTimeouts":0},"timestamp":1778624883087}
{"sessionId":"225346","runId":"cli-kpkg-sync","hypothesisId":"H4","location":"tools/analyze_qemu_net_debug.py:268","message":"Serial TCP connect outcome","data":{"synSent":1,"synTimeouts":0,"pcapAvailable":true,"serialPath":"qemu_boot_test.log","pcapPath":"qemu_net_dump.pcap"},"timestamp":1778624883087}
{"sessionId":"225346","runId":"cli-kpkg-sync","hypothesisId":"H5","location":"tools/analyze_qemu_net_debug.py:290","message":"Pre-TCP text-mode GUI path","data":{"forceTextMode":true,"loggedNoFramebufferError":false,"guiZeroBackbuffer":false,"wallpaperLoadsBeforeTcp":0},"timestamp":1778624883088}
{"sessionId":"225346","runId":"cli-kpkg-sync","hypothesisId":"H6","location":"tools/analyze_qemu_net_debug.py:305","message":"Pre-TCP keyboard init count","data":{"keyboardInitCountBeforeTcp":1},"timestamp":1778624883088}
{"sessionId":"225346","runId":"cli-kpkg-sync","hypothesisId":"H7","location":"tools/analyze_qemu_net_debug.py:316","message":"Pre-TCP mouse init degradation","data":{"mouseDefaultsFailedBeforeTcp":0,"mouseStreamingFailedBeforeTcp":0},"timestamp":1778624883088}
{"sessionId":"225346","runId":"cli-kpkg-sync","hypothesisId":"H8","location":"tools/analyze_qemu_net_debug.py:328","message":"Pre-TCP virtual console selection","data":{"vconsoleGuiActiveBeforeTcp":false},"timestamp":1778624883089}
{"sessionId":"225346","runId":"cli-kpkg-sync","hypothesisId":"H9","location":"tools/analyze_qemu_net_debug.py:343","message":"kpkg sync command routing","data":{"kpkgSyncInvoked":true,"misparsedAsInstallSync":false,"missingPackageSync":false},"timestamp":1778624883089}
{"sessionId":"225346","runId":"cli-kpkg-sync","hypothesisId":"H1","location":"tools/analyze_qemu_net_debug.py:203","message":"Packet capture summary","data":{"guestMac":"52:54:00:12:34:56","pcapPackets":22,"outboundArp":3,"inboundArp":3,"outboundSyn":1,"inboundTcp":5,"inboundSynAck":1},"timestamp":1778624985130}
{"sessionId":"225346","runId":"cli-kpkg-sync","hypothesisId":"H1","location":"tools/analyze_qemu_net_debug.py:220","message":"First outbound SYN validation","data":{"present":true,"srcIp":"10.0.2.15","dstIp":"104.21.44.39","srcPort":49153,"dstPort":80,"flags":2,"ipChecksumOk":true,"tcpChecksumOk":true,"frameLen":54},"timestamp":1778624985131}
{"sessionId":"225346","runId":"cli-kpkg-sync","hypothesisId":"H2","location":"tools/analyze_qemu_net_debug.py:240","message":"Inbound TCP response observation","data":{"inboundTcpPackets":5,"inboundSynAckPackets":1,"firstInboundFlags":18,"firstInboundSrcIp":"104.21.44.39","firstInboundDstIp":"10.0.2.15"},"timestamp":1778624985131}
{"sessionId":"225346","runId":"cli-kpkg-sync","hypothesisId":"H3","location":"tools/analyze_qemu_net_debug.py:254","message":"ARP and receive-path health","data":{"serialArpResolved":2,"serialArpReplies":3,"pcapInboundArp":3,"pcapOutboundArp":3,"serialTcpRxZeroTimeouts":0},"timestamp":1778624985131}
{"sessionId":"225346","runId":"cli-kpkg-sync","hypothesisId":"H4","location":"tools/analyze_qemu_net_debug.py:268","message":"Serial TCP connect outcome","data":{"synSent":1,"synTimeouts":0,"pcapAvailable":true,"serialPath":"qemu_boot_test.log","pcapPath":"qemu_net_dump.pcap"},"timestamp":1778624985132}
{"sessionId":"225346","runId":"cli-kpkg-sync","hypothesisId":"H5","location":"tools/analyze_qemu_net_debug.py:290","message":"Pre-TCP text-mode GUI path","data":{"forceTextMode":true,"loggedNoFramebufferError":false,"guiZeroBackbuffer":false,"wallpaperLoadsBeforeTcp":0},"timestamp":1778624985132}
{"sessionId":"225346","runId":"cli-kpkg-sync","hypothesisId":"H6","location":"tools/analyze_qemu_net_debug.py:305","message":"Pre-TCP keyboard init count","data":{"keyboardInitCountBeforeTcp":1},"timestamp":1778624985132}
{"sessionId":"225346","runId":"cli-kpkg-sync","hypothesisId":"H7","location":"tools/analyze_qemu_net_debug.py:316","message":"Pre-TCP mouse init degradation","data":{"mouseDefaultsFailedBeforeTcp":0,"mouseStreamingFailedBeforeTcp":0},"timestamp":1778624985133}
{"sessionId":"225346","runId":"cli-kpkg-sync","hypothesisId":"H8","location":"tools/analyze_qemu_net_debug.py:328","message":"Pre-TCP virtual console selection","data":{"vconsoleGuiActiveBeforeTcp":false},"timestamp":1778624985133}
{"sessionId":"225346","runId":"cli-kpkg-sync","hypothesisId":"H9","location":"tools/analyze_qemu_net_debug.py:343","message":"kpkg sync command routing","data":{"kpkgSyncInvoked":true,"misparsedAsInstallSync":false,"missingPackageSync":false},"timestamp":1778624985133}
{"sessionId":"225346","runId":"cli-kpkg-sync","hypothesisId":"H1","location":"tools/analyze_qemu_net_debug.py:203","message":"Packet capture summary","data":{"guestMac":"52:54:00:12:34:56","pcapPackets":24,"outboundArp":4,"inboundArp":4,"outboundSyn":1,"inboundTcp":5,"inboundSynAck":1},"timestamp":1778625420959}
{"sessionId":"225346","runId":"cli-kpkg-sync","hypothesisId":"H1","location":"tools/analyze_qemu_net_debug.py:220","message":"First outbound SYN validation","data":{"present":true,"srcIp":"10.0.2.15","dstIp":"104.21.44.39","srcPort":49153,"dstPort":80,"flags":2,"ipChecksumOk":true,"tcpChecksumOk":true,"frameLen":54},"timestamp":1778625420959}
{"sessionId":"225346","runId":"cli-kpkg-sync","hypothesisId":"H2","location":"tools/analyze_qemu_net_debug.py:240","message":"Inbound TCP response observation","data":{"inboundTcpPackets":5,"inboundSynAckPackets":1,"firstInboundFlags":18,"firstInboundSrcIp":"104.21.44.39","firstInboundDstIp":"10.0.2.15"},"timestamp":1778625420959}
{"sessionId":"225346","runId":"cli-kpkg-sync","hypothesisId":"H3","location":"tools/analyze_qemu_net_debug.py:254","message":"ARP and receive-path health","data":{"serialArpResolved":0,"serialArpReplies":4,"pcapInboundArp":4,"pcapOutboundArp":4,"serialTcpRxZeroTimeouts":0},"timestamp":1778625420960}
{"sessionId":"225346","runId":"cli-kpkg-sync","hypothesisId":"H4","location":"tools/analyze_qemu_net_debug.py:268","message":"Serial TCP connect outcome","data":{"synSent":1,"synTimeouts":0,"pcapAvailable":true,"serialPath":"qemu_boot_test.log","pcapPath":"qemu_net_dump.pcap"},"timestamp":1778625420960}
{"sessionId":"225346","runId":"cli-kpkg-sync","hypothesisId":"H5","location":"tools/analyze_qemu_net_debug.py:290","message":"Pre-TCP text-mode GUI path","data":{"forceTextMode":true,"loggedNoFramebufferError":false,"guiZeroBackbuffer":false,"wallpaperLoadsBeforeTcp":0},"timestamp":1778625420960}
{"sessionId":"225346","runId":"cli-kpkg-sync","hypothesisId":"H6","location":"tools/analyze_qemu_net_debug.py:305","message":"Pre-TCP keyboard init count","data":{"keyboardInitCountBeforeTcp":1},"timestamp":1778625420961}
{"sessionId":"225346","runId":"cli-kpkg-sync","hypothesisId":"H7","location":"tools/analyze_qemu_net_debug.py:316","message":"Pre-TCP mouse init degradation","data":{"mouseDefaultsFailedBeforeTcp":0,"mouseStreamingFailedBeforeTcp":0},"timestamp":1778625420961}
{"sessionId":"225346","runId":"cli-kpkg-sync","hypothesisId":"H8","location":"tools/analyze_qemu_net_debug.py:328","message":"Pre-TCP virtual console selection","data":{"vconsoleGuiActiveBeforeTcp":false},"timestamp":1778625420961}
{"sessionId":"225346","runId":"cli-kpkg-sync","hypothesisId":"H9","location":"tools/analyze_qemu_net_debug.py:343","message":"kpkg sync command routing","data":{"kpkgSyncInvoked":true,"misparsedAsInstallSync":false,"missingPackageSync":false},"timestamp":1778625420962}
{"sessionId":"225346","runId":"cli-kpkg-sync","hypothesisId":"H1","location":"tools/analyze_qemu_net_debug.py:203","message":"Packet capture summary","data":{"guestMac":"52:54:00:12:34:56","pcapPackets":24,"outboundArp":4,"inboundArp":4,"outboundSyn":1,"inboundTcp":5,"inboundSynAck":1},"timestamp":1778625492082}
{"sessionId":"225346","runId":"cli-kpkg-sync","hypothesisId":"H1","location":"tools/analyze_qemu_net_debug.py:220","message":"First outbound SYN validation","data":{"present":true,"srcIp":"10.0.2.15","dstIp":"104.21.44.39","srcPort":49153,"dstPort":80,"flags":2,"ipChecksumOk":true,"tcpChecksumOk":true,"frameLen":54},"timestamp":1778625492083}
{"sessionId":"225346","runId":"cli-kpkg-sync","hypothesisId":"H2","location":"tools/analyze_qemu_net_debug.py:240","message":"Inbound TCP response observation","data":{"inboundTcpPackets":5,"inboundSynAckPackets":1,"firstInboundFlags":18,"firstInboundSrcIp":"104.21.44.39","firstInboundDstIp":"10.0.2.15"},"timestamp":1778625492083}
{"sessionId":"225346","runId":"cli-kpkg-sync","hypothesisId":"H3","location":"tools/analyze_qemu_net_debug.py:254","message":"ARP and receive-path health","data":{"serialArpResolved":0,"serialArpReplies":4,"pcapInboundArp":4,"pcapOutboundArp":4,"serialTcpRxZeroTimeouts":0},"timestamp":1778625492083}
{"sessionId":"225346","runId":"cli-kpkg-sync","hypothesisId":"H4","location":"tools/analyze_qemu_net_debug.py:268","message":"Serial TCP connect outcome","data":{"synSent":1,"synTimeouts":0,"pcapAvailable":true,"serialPath":"qemu_boot_test.log","pcapPath":"qemu_net_dump.pcap"},"timestamp":1778625492083}
{"sessionId":"225346","runId":"cli-kpkg-sync","hypothesisId":"H5","location":"tools/analyze_qemu_net_debug.py:290","message":"Pre-TCP text-mode GUI path","data":{"forceTextMode":true,"loggedNoFramebufferError":false,"guiZeroBackbuffer":false,"wallpaperLoadsBeforeTcp":0},"timestamp":1778625492084}
{"sessionId":"225346","runId":"cli-kpkg-sync","hypothesisId":"H6","location":"tools/analyze_qemu_net_debug.py:305","message":"Pre-TCP keyboard init count","data":{"keyboardInitCountBeforeTcp":1},"timestamp":1778625492084}
{"sessionId":"225346","runId":"cli-kpkg-sync","hypothesisId":"H7","location":"tools/analyze_qemu_net_debug.py:316","message":"Pre-TCP mouse init degradation","data":{"mouseDefaultsFailedBeforeTcp":0,"mouseStreamingFailedBeforeTcp":0},"timestamp":1778625492084}
{"sessionId":"225346","runId":"cli-kpkg-sync","hypothesisId":"H8","location":"tools/analyze_qemu_net_debug.py:328","message":"Pre-TCP virtual console selection","data":{"vconsoleGuiActiveBeforeTcp":false},"timestamp":1778625492085}
{"sessionId":"225346","runId":"cli-kpkg-sync","hypothesisId":"H9","location":"tools/analyze_qemu_net_debug.py:343","message":"kpkg sync command routing","data":{"kpkgSyncInvoked":true,"misparsedAsInstallSync":false,"missingPackageSync":false},"timestamp":1778625492085}
{"sessionId":"225346","runId":"cli-kpkg-sync","hypothesisId":"H1","location":"tools/analyze_qemu_net_debug.py:203","message":"Packet capture summary","data":{"guestMac":"52:54:00:12:34:56","pcapPackets":10,"outboundArp":1,"inboundArp":1,"outboundSyn":0,"inboundTcp":0,"inboundSynAck":0},"timestamp":1778625613597}
{"sessionId":"225346","runId":"cli-kpkg-sync","hypothesisId":"H1","location":"tools/analyze_qemu_net_debug.py:220","message":"First outbound SYN validation","data":{"present":false,"srcIp":null,"dstIp":null,"srcPort":null,"dstPort":null,"flags":null,"ipChecksumOk":null,"tcpChecksumOk":null,"frameLen":null},"timestamp":1778625613597}
{"sessionId":"225346","runId":"cli-kpkg-sync","hypothesisId":"H2","location":"tools/analyze_qemu_net_debug.py:240","message":"Inbound TCP response observation","data":{"inboundTcpPackets":0,"inboundSynAckPackets":0,"firstInboundFlags":null,"firstInboundSrcIp":null,"firstInboundDstIp":null},"timestamp":1778625613597}
{"sessionId":"225346","runId":"cli-kpkg-sync","hypothesisId":"H3","location":"tools/analyze_qemu_net_debug.py:254","message":"ARP and receive-path health","data":{"serialArpResolved":0,"serialArpReplies":1,"pcapInboundArp":1,"pcapOutboundArp":1,"serialTcpRxZeroTimeouts":0},"timestamp":1778625613598}
{"sessionId":"225346","runId":"cli-kpkg-sync","hypothesisId":"H4","location":"tools/analyze_qemu_net_debug.py:268","message":"Serial TCP connect outcome","data":{"synSent":0,"synTimeouts":0,"pcapAvailable":true,"serialPath":"qemu_boot_test.log","pcapPath":"qemu_net_dump.pcap"},"timestamp":1778625613598}
{"sessionId":"225346","runId":"cli-kpkg-sync","hypothesisId":"H5","location":"tools/analyze_qemu_net_debug.py:290","message":"Pre-TCP text-mode GUI path","data":{"forceTextMode":true,"loggedNoFramebufferError":false,"guiZeroBackbuffer":false,"wallpaperLoadsBeforeTcp":0},"timestamp":1778625613598}
{"sessionId":"225346","runId":"cli-kpkg-sync","hypothesisId":"H6","location":"tools/analyze_qemu_net_debug.py:305","message":"Pre-TCP keyboard init count","data":{"keyboardInitCountBeforeTcp":1},"timestamp":1778625613599}
{"sessionId":"225346","runId":"cli-kpkg-sync","hypothesisId":"H7","location":"tools/analyze_qemu_net_debug.py:316","message":"Pre-TCP mouse init degradation","data":{"mouseDefaultsFailedBeforeTcp":0,"mouseStreamingFailedBeforeTcp":0},"timestamp":1778625613599}
{"sessionId":"225346","runId":"cli-kpkg-sync","hypothesisId":"H8","location":"tools/analyze_qemu_net_debug.py:328","message":"Pre-TCP virtual console selection","data":{"vconsoleGuiActiveBeforeTcp":false},"timestamp":1778625613599}
{"sessionId":"225346","runId":"cli-kpkg-sync","hypothesisId":"H9","location":"tools/analyze_qemu_net_debug.py:343","message":"kpkg sync command routing","data":{"kpkgSyncInvoked":false,"misparsedAsInstallSync":false,"missingPackageSync":false},"timestamp":1778625613599}
{"sessionId":"225346","runId":"cli-kpkg-sync","hypothesisId":"H1","location":"tools/analyze_qemu_net_debug.py:203","message":"Packet capture summary","data":{"guestMac":"52:54:00:12:34:56","pcapPackets":10,"outboundArp":1,"inboundArp":1,"outboundSyn":0,"inboundTcp":0,"inboundSynAck":0},"timestamp":1778635663009}
{"sessionId":"225346","runId":"cli-kpkg-sync","hypothesisId":"H1","location":"tools/analyze_qemu_net_debug.py:220","message":"First outbound SYN validation","data":{"present":false,"srcIp":null,"dstIp":null,"srcPort":null,"dstPort":null,"flags":null,"ipChecksumOk":null,"tcpChecksumOk":null,"frameLen":null},"timestamp":1778635663009}
{"sessionId":"225346","runId":"cli-kpkg-sync","hypothesisId":"H2","location":"tools/analyze_qemu_net_debug.py:240","message":"Inbound TCP response observation","data":{"inboundTcpPackets":0,"inboundSynAckPackets":0,"firstInboundFlags":null,"firstInboundSrcIp":null,"firstInboundDstIp":null},"timestamp":1778635663009}
{"sessionId":"225346","runId":"cli-kpkg-sync","hypothesisId":"H3","location":"tools/analyze_qemu_net_debug.py:254","message":"ARP and receive-path health","data":{"serialArpResolved":0,"serialArpReplies":1,"pcapInboundArp":1,"pcapOutboundArp":1,"serialTcpRxZeroTimeouts":0},"timestamp":1778635663009}
{"sessionId":"225346","runId":"cli-kpkg-sync","hypothesisId":"H4","location":"tools/analyze_qemu_net_debug.py:268","message":"Serial TCP connect outcome","data":{"synSent":0,"synTimeouts":0,"pcapAvailable":true,"serialPath":"qemu_boot_test.log","pcapPath":"qemu_net_dump.pcap"},"timestamp":1778635663010}
{"sessionId":"225346","runId":"cli-kpkg-sync","hypothesisId":"H5","location":"tools/analyze_qemu_net_debug.py:290","message":"Pre-TCP text-mode GUI path","data":{"forceTextMode":true,"loggedNoFramebufferError":false,"guiZeroBackbuffer":false,"wallpaperLoadsBeforeTcp":0},"timestamp":1778635663010}
{"sessionId":"225346","runId":"cli-kpkg-sync","hypothesisId":"H6","location":"tools/analyze_qemu_net_debug.py:305","message":"Pre-TCP keyboard init count","data":{"keyboardInitCountBeforeTcp":1},"timestamp":1778635663010}
{"sessionId":"225346","runId":"cli-kpkg-sync","hypothesisId":"H7","location":"tools/analyze_qemu_net_debug.py:316","message":"Pre-TCP mouse init degradation","data":{"mouseDefaultsFailedBeforeTcp":0,"mouseStreamingFailedBeforeTcp":0},"timestamp":1778635663011}
{"sessionId":"225346","runId":"cli-kpkg-sync","hypothesisId":"H8","location":"tools/analyze_qemu_net_debug.py:328","message":"Pre-TCP virtual console selection","data":{"vconsoleGuiActiveBeforeTcp":false},"timestamp":1778635663011}
{"sessionId":"225346","runId":"cli-kpkg-sync","hypothesisId":"H9","location":"tools/analyze_qemu_net_debug.py:343","message":"kpkg sync command routing","data":{"kpkgSyncInvoked":false,"misparsedAsInstallSync":false,"missingPackageSync":false},"timestamp":1778635663011}
{"sessionId":"225346","runId":"cli-kpkg-sync","hypothesisId":"H1","location":"tools/analyze_qemu_net_debug.py:203","message":"Packet capture summary","data":{"guestMac":"52:54:00:12:34:56","pcapPackets":10,"outboundArp":1,"inboundArp":1,"outboundSyn":0,"inboundTcp":0,"inboundSynAck":0},"timestamp":1778635841824}
{"sessionId":"225346","runId":"cli-kpkg-sync","hypothesisId":"H1","location":"tools/analyze_qemu_net_debug.py:220","message":"First outbound SYN validation","data":{"present":false,"srcIp":null,"dstIp":null,"srcPort":null,"dstPort":null,"flags":null,"ipChecksumOk":null,"tcpChecksumOk":null,"frameLen":null},"timestamp":1778635841825}
{"sessionId":"225346","runId":"cli-kpkg-sync","hypothesisId":"H2","location":"tools/analyze_qemu_net_debug.py:240","message":"Inbound TCP response observation","data":{"inboundTcpPackets":0,"inboundSynAckPackets":0,"firstInboundFlags":null,"firstInboundSrcIp":null,"firstInboundDstIp":null},"timestamp":1778635841825}
{"sessionId":"225346","runId":"cli-kpkg-sync","hypothesisId":"H3","location":"tools/analyze_qemu_net_debug.py:254","message":"ARP and receive-path health","data":{"serialArpResolved":0,"serialArpReplies":1,"pcapInboundArp":1,"pcapOutboundArp":1,"serialTcpRxZeroTimeouts":0},"timestamp":1778635841825}
{"sessionId":"225346","runId":"cli-kpkg-sync","hypothesisId":"H4","location":"tools/analyze_qemu_net_debug.py:268","message":"Serial TCP connect outcome","data":{"synSent":0,"synTimeouts":0,"pcapAvailable":true,"serialPath":"qemu_boot_test.log","pcapPath":"qemu_net_dump.pcap"},"timestamp":1778635841826}
{"sessionId":"225346","runId":"cli-kpkg-sync","hypothesisId":"H5","location":"tools/analyze_qemu_net_debug.py:290","message":"Pre-TCP text-mode GUI path","data":{"forceTextMode":true,"loggedNoFramebufferError":false,"guiZeroBackbuffer":false,"wallpaperLoadsBeforeTcp":0},"timestamp":1778635841826}
{"sessionId":"225346","runId":"cli-kpkg-sync","hypothesisId":"H6","location":"tools/analyze_qemu_net_debug.py:305","message":"Pre-TCP keyboard init count","data":{"keyboardInitCountBeforeTcp":1},"timestamp":1778635841827}
{"sessionId":"225346","runId":"cli-kpkg-sync","hypothesisId":"H7","location":"tools/analyze_qemu_net_debug.py:316","message":"Pre-TCP mouse init degradation","data":{"mouseDefaultsFailedBeforeTcp":0,"mouseStreamingFailedBeforeTcp":0},"timestamp":1778635841827}
{"sessionId":"225346","runId":"cli-kpkg-sync","hypothesisId":"H8","location":"tools/analyze_qemu_net_debug.py:328","message":"Pre-TCP virtual console selection","data":{"vconsoleGuiActiveBeforeTcp":false},"timestamp":1778635841827}
{"sessionId":"225346","runId":"cli-kpkg-sync","hypothesisId":"H9","location":"tools/analyze_qemu_net_debug.py:343","message":"kpkg sync command routing","data":{"kpkgSyncInvoked":false,"misparsedAsInstallSync":false,"missingPackageSync":false},"timestamp":1778635841828}
{"sessionId":"225346","runId":"cli-kpkg-sync","hypothesisId":"H1","location":"tools/analyze_qemu_net_debug.py:203","message":"Packet capture summary","data":{"guestMac":"52:54:00:12:34:56","pcapPackets":10,"outboundArp":1,"inboundArp":1,"outboundSyn":0,"inboundTcp":0,"inboundSynAck":0},"timestamp":1778637400749}
{"sessionId":"225346","runId":"cli-kpkg-sync","hypothesisId":"H1","location":"tools/analyze_qemu_net_debug.py:220","message":"First outbound SYN validation","data":{"present":false,"srcIp":null,"dstIp":null,"srcPort":null,"dstPort":null,"flags":null,"ipChecksumOk":null,"tcpChecksumOk":null,"frameLen":null},"timestamp":1778637400750}
{"sessionId":"225346","runId":"cli-kpkg-sync","hypothesisId":"H2","location":"tools/analyze_qemu_net_debug.py:240","message":"Inbound TCP response observation","data":{"inboundTcpPackets":0,"inboundSynAckPackets":0,"firstInboundFlags":null,"firstInboundSrcIp":null,"firstInboundDstIp":null},"timestamp":1778637400750}
{"sessionId":"225346","runId":"cli-kpkg-sync","hypothesisId":"H3","location":"tools/analyze_qemu_net_debug.py:254","message":"ARP and receive-path health","data":{"serialArpResolved":0,"serialArpReplies":1,"pcapInboundArp":1,"pcapOutboundArp":1,"serialTcpRxZeroTimeouts":0},"timestamp":1778637400751}
{"sessionId":"225346","runId":"cli-kpkg-sync","hypothesisId":"H4","location":"tools/analyze_qemu_net_debug.py:268","message":"Serial TCP connect outcome","data":{"synSent":0,"synTimeouts":0,"pcapAvailable":true,"serialPath":"qemu_boot_test.log","pcapPath":"qemu_net_dump.pcap"},"timestamp":1778637400751}
{"sessionId":"225346","runId":"cli-kpkg-sync","hypothesisId":"H5","location":"tools/analyze_qemu_net_debug.py:290","message":"Pre-TCP text-mode GUI path","data":{"forceTextMode":true,"loggedNoFramebufferError":false,"guiZeroBackbuffer":false,"wallpaperLoadsBeforeTcp":0},"timestamp":1778637400751}
{"sessionId":"225346","runId":"cli-kpkg-sync","hypothesisId":"H6","location":"tools/analyze_qemu_net_debug.py:305","message":"Pre-TCP keyboard init count","data":{"keyboardInitCountBeforeTcp":1},"timestamp":1778637400751}
{"sessionId":"225346","runId":"cli-kpkg-sync","hypothesisId":"H7","location":"tools/analyze_qemu_net_debug.py:316","message":"Pre-TCP mouse init degradation","data":{"mouseDefaultsFailedBeforeTcp":0,"mouseStreamingFailedBeforeTcp":0},"timestamp":1778637400752}
{"sessionId":"225346","runId":"cli-kpkg-sync","hypothesisId":"H8","location":"tools/analyze_qemu_net_debug.py:328","message":"Pre-TCP virtual console selection","data":{"vconsoleGuiActiveBeforeTcp":false},"timestamp":1778637400752}
{"sessionId":"225346","runId":"cli-kpkg-sync","hypothesisId":"H9","location":"tools/analyze_qemu_net_debug.py:343","message":"kpkg sync command routing","data":{"kpkgSyncInvoked":false,"misparsedAsInstallSync":false,"missingPackageSync":false},"timestamp":1778637400753}
{"sessionId":"225346","runId":"cli-kpkg-sync","hypothesisId":"H1","location":"tools/analyze_qemu_net_debug.py:203","message":"Packet capture summary","data":{"guestMac":"52:54:00:12:34:56","pcapPackets":12,"outboundArp":2,"inboundArp":2,"outboundSyn":0,"inboundTcp":0,"inboundSynAck":0},"timestamp":1778638045801}
{"sessionId":"225346","runId":"cli-kpkg-sync","hypothesisId":"H1","location":"tools/analyze_qemu_net_debug.py:220","message":"First outbound SYN validation","data":{"present":false,"srcIp":null,"dstIp":null,"srcPort":null,"dstPort":null,"flags":null,"ipChecksumOk":null,"tcpChecksumOk":null,"frameLen":null},"timestamp":1778638045801}
{"sessionId":"225346","runId":"cli-kpkg-sync","hypothesisId":"H2","location":"tools/analyze_qemu_net_debug.py:240","message":"Inbound TCP response observation","data":{"inboundTcpPackets":0,"inboundSynAckPackets":0,"firstInboundFlags":null,"firstInboundSrcIp":null,"firstInboundDstIp":null},"timestamp":1778638045802}
{"sessionId":"225346","runId":"cli-kpkg-sync","hypothesisId":"H3","location":"tools/analyze_qemu_net_debug.py:254","message":"ARP and receive-path health","data":{"serialArpResolved":0,"serialArpReplies":2,"pcapInboundArp":2,"pcapOutboundArp":2,"serialTcpRxZeroTimeouts":0},"timestamp":1778638045802}
{"sessionId":"225346","runId":"cli-kpkg-sync","hypothesisId":"H4","location":"tools/analyze_qemu_net_debug.py:268","message":"Serial TCP connect outcome","data":{"synSent":0,"synTimeouts":0,"pcapAvailable":true,"serialPath":"qemu_boot_test.log","pcapPath":"qemu_net_dump.pcap"},"timestamp":1778638045803}
{"sessionId":"225346","runId":"cli-kpkg-sync","hypothesisId":"H5","location":"tools/analyze_qemu_net_debug.py:290","message":"Pre-TCP text-mode GUI path","data":{"forceTextMode":true,"loggedNoFramebufferError":false,"guiZeroBackbuffer":false,"wallpaperLoadsBeforeTcp":0},"timestamp":1778638045803}
{"sessionId":"225346","runId":"cli-kpkg-sync","hypothesisId":"H6","location":"tools/analyze_qemu_net_debug.py:305","message":"Pre-TCP keyboard init count","data":{"keyboardInitCountBeforeTcp":1},"timestamp":1778638045803}
{"sessionId":"225346","runId":"cli-kpkg-sync","hypothesisId":"H7","location":"tools/analyze_qemu_net_debug.py:316","message":"Pre-TCP mouse init degradation","data":{"mouseDefaultsFailedBeforeTcp":0,"mouseStreamingFailedBeforeTcp":0},"timestamp":1778638045804}
{"sessionId":"225346","runId":"cli-kpkg-sync","hypothesisId":"H8","location":"tools/analyze_qemu_net_debug.py:328","message":"Pre-TCP virtual console selection","data":{"vconsoleGuiActiveBeforeTcp":false},"timestamp":1778638045804}
{"sessionId":"225346","runId":"cli-kpkg-sync","hypothesisId":"H9","location":"tools/analyze_qemu_net_debug.py:343","message":"kpkg sync command routing","data":{"kpkgSyncInvoked":false,"misparsedAsInstallSync":false,"missingPackageSync":false},"timestamp":1778638045804}
