K0
FBK1
K2
K3
K4
K5
Kurono OS Starting...
Multiboot2 detected  -  converting to MB1 compat
Panic::Init OK: fb=0x0x000000000xFD000000 1024x768x32
Early FB: drew green bar + text
Multiboot OK
Boot cmdline: kurono.gui.run=ping+8.8.8.8
[1] HAL::Init
HAL: SYSCALL/SYSRET MSRs programmed (EFER.SCE, STAR, LSTAR, SFMASK)
HAL: GDT/TSS loaded, IDT ready (IRQs + int 0x80), PIC remapped, IRQ 0/1/12 unmasked, NMI enabled
[1.5] CR4 security bits enabled
[2] MemoryManager::Init
Heap: Bootstrap (64 KB BSS)
PMM: Initializing physical memory manager...
PMM: Bitmap at 0x0x03C16000, 0x00080000 bytes for 0x00400000 frames
PMM: Total=0x00400000 Used=0x003844B6 Free=0x0007BB4A
PMM: AllocContiguous failed (524288 frames requested)
Heap: Expanded to 1024 MB (PMM-backed, 16384 MB physical RAM detected)
VMM: Initialized, PML4 at 0x0x03A14000
[2a] Buddy::Init
[Buddy] pool=256 MB ready
[2b] Slab::Init
[Slab] generic caches ready (16B..8KB)
[3] Scheduler::Init
[3a] HRTimer::Init
[HRTimer] initialized (64 slots)
[4] VFS::Init
VFS.1
VFS.2
VFS.3
VFS.4
VFS: Initialized with RAMDisk support
[5] TestSuite::Run
=== Starting System Test Suite ===
Testing Memory Manager...
[PASS] AllocPage returned valid pointer
[PASS] Memory write/read verification
Testing Scheduler...
[PASS] PID counter initialized
[PASS] CreateProcess returned valid pointer
[PASS] Process has valid PID
[PASS] Process is in Ready state
[PASS] Scheduler has processes in queue
Testing VFS...
[PASS] VFS Root initialized
[PASS] Root is a directory
Testing Input System...
InputManager: Registered Standard PS/2 Keyboard
InputManager: Initialized
InputManager: Registered Virtual Test Keyboard
[PASS] Registered Virtual Device
[PASS] Input Log file exists
Log Content: KEY DEV:0 CHAR:a
KEY DEV:1 CHAR:b

[PASS] Log contains Device 0 input
[PASS] Log contains Virtual Device input
=== Test Suite Completed ===
ALL TESTS PASSED
[6] Post-TestSuite
Initializing display...
[GpuProbe] Starting early GPU probe...
[GpuProbe] Scanning PCI bus for display controllers...
[GpuProbe] Found: QEMU/Bochs VGA @ PCI 0:2.0 class=0x0x00000300 VGA=yes BAR0=0x0x000000000xFD000000 BAR2=0x0x000000000xFEBF0000
[GpuProbe] Total display controllers found: 1
[GpuProbe] Topology: Virtual
[GpuProbe] Primary GPU: QEMU/Bochs VGA
[GpuProbe] === GPU Inventory ===
  [0] [PRIMARY]   QEMU/Bochs VGA  PCI=0:2.0  VID=0x0x00001234 DID=0x0x00001111 [VGA]
  Topology: Virtual
[GpuProbe] === End ===
  MB flags=0x0x00001045
  fb_addr=0x0x000000000xFD000000
  fb_w=1024 fb_h=768 bpp=32 type=1 pitch=4096
Display: Using MB FB at 0x0x000000000xFD000000
[GpuProbe] Validating FB addr=0x0x000000000xFD000000 against QEMU/Bochs VGA
[GpuProbe] FB address validated OK (no correction needed)
Graphics: Basic Init 0x00000400x0x00000300 @ 0xFD000000
Graphics: WC remap FB phys=0x0x000000000xFD000000 size=0x0x00300000
Graphics: FB remapped 2 pages to Write-Combining (PAT1=WC)
Panic::UpdateFB: 0x0x000000000xFD000000 1024x768x32
Display: Multiboot framebuffer OK
Display: Detected refresh rate: 60 Hz
Graphics: Double buffering enabled (PMM)
Display: RenderMode=1 backbuf=0x54497000 activebuf=0x54497000
Keyboard: Initializing Enhanced Driver...
Keyboard: Using compatibility init path
Keyboard: Skipping early typematic/LED programming for compatibility
Keyboard: Enhanced Driver initialized
Keyboard: USB HID support initialized
Mouse: Initializing Enhanced Driver...
Mouse: Reset/BAT OK id=0x00000000
Mouse: Defaults Set (ACK)
Mouse: Standard PS/2 mouse
Mouse: Streaming Enabled (ACK)
Mouse: Compatibility PS/2 mode enabled
Mouse: Enhanced Driver initialized
Mouse: DPI scaling set to 800x800
InputManager: Registered Standard PS/2 Keyboard
InputManager: Initialized
VConsole: 7 virtual consoles ready (active=tty7/GUI)
Boot splash: logo displayed
Boot splash complete
System: Initializing Core Components...
System: Loading GUI Subsystem... [OK]
System: Loading Graphics Drivers... [OK]
System: Loading Vulkan Support... [Stubbed]
System: Loading OpenGL Support... [Stubbed]
System: All Components Initialized.
Loading embedded wallpaper...
MediaDecoder: PNG/JPEG Decoded 0x00000780x0x00000438
Embedded wallpaper decoded OK
GUI::UpdateBackbuffer: w=1024 h=768 bpp=32 pitch=4096
GUI: Drawing wallpaper...
Desktop wallpaper image set
[KVFS] Init...
KVFS: Initializing...
KVFS: Ready.
[UIConfig] Init...
[UIConfig] wrote default config to /etc/kurono/ui.conf
[UIConfig] loaded 48 entries
[Shell] Init...
Shell: Initialized
[LinuxCmds] Register...
[WindowsCmds] Register...
[SUPR] Init...
SUPR: Security engine initialized
[PackageManager] Init...
PkgMgr: Initialized
[GpuDriverInstaller] Init...
[gpu-drv] Idle
[Python] Init mini interpreter...
Python interp ready
[Userspace] Init ring-3 runtime...
[LinuxSyscall] Initialized
[Userspace] /usr/bin/hello registered (4808 bytes)
[Userspace] /usr/bin/hello_x64 registered (4816 bytes)
[Userspace] /usr/bin/kpython registered (10504 bytes)
[Installer] Init...
[Network] Init...
[E1000] Scanning PCI bus...
[E1000] Found at PCI 0:3 device=0x0x0000100E
[E1000] MMIO base: 0x0xFEBC0000
[E1000] MAC: 0x00000052:0x00000054:0x00000000:0x00000012:0x00000034:0x00000056
[E1000] Link: UP, Speed: 1000 Mbps, Full Duplex: Yes
[E1000] Driver initialized successfully
Network: eth0 backed by real E1000 NIC
Network: Stack initialized (lo, eth0, wlan0)
[TCPIP] Init...
[TCPIP] Real TCP/IP stack ready
[TunTap] Init...
TunTap: subsystem initialized
[IPv6] Init...
IPv6: stack initialized (echo + ND)
[Cgroup] Init...
Cgroup: v2 unified hierarchy initialized (root=/sys/fs/cgroup)
[TPM] Init...
TPM: no chip detected at 0xFED40000
[Netfilter] Init...
Netfilter: 5 hooks initialized (PRE/IN/FWD/OUT/POST), policy=ACCEPT
[CPUFreq] Init...
CPUFreq: AMD BSP, 4 P-states (defaults)
WiFi: No native WiFi radio in current environment (wired link only)
[RuntimeLayout] Seeding /system tree...
[RuntimeLayout] Seeding kurono fs layout...
[RuntimeLayout] Done.
[UnixSocket] Init...
UnixSocket: AF_UNIX subsystem ready, 64 sd slots
[DBusServer] Starting session bus...
DBus: listening on /system/run/user/1000/bus
[PulseServer] Starting audio daemon...
Pulse: listening on /system/run/user/1000/pulse/native
[WaylandServer] Starting compositor...
Wayland: listening on /system/run/user/1000/wayland-0
[ld-kurono] Initialising dynamic linker...
[ldso] ld-kurono dynamic linker initialised
[KCL] Init...
KCL: Interpreter initialized
[DualBoot] Init...
[DualBoot] Manager initialized  -  mode: Integrated (Kurono + Linux)
[DualBoot] Starting integrated boot...
[DualBoot] === INTEGRATED BOOT ===
[DualBoot] Both Kurono OS and Linux running simultaneously
[LinuxKernel] Virtual kernel initialized
[LinuxKernel] /proc initialized (13 entries)
[LinuxKernel] /sys initialized (14 entries)
[LinuxKernel] TTY subsystem initialized
[LinuxKernel] Virtual Linux 6.8.0-kurono started
[LinuxSignals] Signal system initialized
[LinuxSyscall] Initialized
[KLS] Subsystem initialized (32 packages)
[KLS] Starting Kurono Linux Subsystem...
[KLS] Initializing Linux rootfs...
[KLS] Syncing SUPR users → Linux...
[KLS] User sync complete (3 users)
[KLS] Default rootfs populated
[KLS] Linux rootfs initialized
[KLS] Mounting shared directories...
[KLS]   /home → shared
[KLS]   /tmp → shared
[KLS]   /var/log → shared
[KLS] Syncing SUPR users → Linux...
[KLS] User sync complete (3 users)
[KLS] Linux Subsystem running
[LinuxDevBridge] Device bridge initialized (15 devices)
[LinuxInit] Init system ready (13 services registered)

═══════════════════════════════════════════════════════════
  Kurono Linux Subsystem  -  Booting...
═══════════════════════════════════════════════════════════
[LinuxKernel] /proc initialized (13 entries)
  [OK] mount-proc
[LinuxKernel] /sys initialized (14 entries)
  [OK] mount-sys
[LinuxDevBridge] Device bridge initialized (15 devices)
  [OK] mount-dev
  [OK] mount-tmp
  [OK] hostname
[SharedMount] Initialized
[SharedMount] Setting up default mounts...
[SharedMount] Mounted /home <-> /home
[SharedMount] Mounted /tmp <-> /tmp
[SharedMount] Mounted /var/log <-> /var/log
[SharedMount] Mounted /proc <-> /proc
[SharedMount] Mounted /dev <-> /dev
[SharedMount] Mounted /sys <-> /sys
[SharedMount] Mounted /etc <-> /etc
[SharedMount] Mounted /mnt/kurono <-> /
[SharedMount] Mounted /boot <-> /boot
[SharedMount] Default mounts ready
  [OK] shared-mounts
[UserBridge] Initialized
[UserBridge] Synced 3 users to Linux
[UserBridge] Imported from Linux: n
[UserBridge] Imported from Linux: u
[UserBridge] Imported from Linux: g
  [OK] user-sync
  [OK] networking
  [OK] rsyslog
  [OK] cron
  [OK] sshd
  [OK] login
[LinuxInit] Desktop bridge active  -  Linux GUI apps integrated with Kurono WM
  [OK] desktop-bridge
[LinuxInit] Boot complete in 0ms
═══════════════════════════════════════════════════════════
[SharedMount] Mounted /home/user/Documents <-> /home/user/Documents
[SharedMount] Mounted /home/user/Downloads <-> /home/user/Downloads
[SharedMount] Mounted /home/user/Desktop <-> /home/user/Desktop
[UserBridge] Synced 6 users to Linux
[DualBoot] Shared data configuration applied
[DualBoot] GRUB config saved
[DualBoot] Alpine VM unavailable for auto-start on this platform
[DualBoot] === INTEGRATED BOOT COMPLETE ===
[DualBoot] Kurono OS + Linux running as one system
[DualBoot] Same users | Same files | Same desktop
[LinuxNet] Init...
[LinuxNet] Network bridge initialized (2 interfaces)
[LinuxDrivers] Init...
BGA: Probe ID = 0x0x0000B0C5
BGA: Probe ID = 0x0x0000B0C5
BGA: Probe ID = 0x0x0000B0C5
BGA: Probe ID = 0x0x0000B0C5
BGA: Probe ID = 0x0x0000B0C5
[ProcFS] Initialized
[SysFS] Initialized
[LinuxDrivers] Framework initialized (35 drivers, 22 active)
[Linux] Subsystem fully integrated
[KVFS] Embedded denji.mp4: 1811059 bytes
[KVFS] Embedded denji.kvid: 10356729 bytes
[KVFS] Filesystem populated
[AudioDMA] Initialised 4 regions in low memory
[AudioMixer] Init: 16 stream slots, period=1024 frames, internal=48000 Hz stereo
[AudioServer] No usable audio backend!
[AUDIO] Initializing Sound Blaster 16...
[AUDIO] DSP reset failed  -  no SB16 detected
[Desktop] Init...
WindowManager: Initialized
[gui-autorun] auto-created default user
[gui-autorun] auto-logged in, skipping lockscreen
[VMM] Deferred  -  virtualization initializes on demand only
VDevices: All virtual devices initialized
  PIC: dual 8259A (master + slave)
  APIC: xAPIC at 0xFEE00000
  PIT: 8254 (3 channels)
  HPET: 3 timers at 0xFED00000
[GPU] Inventory: total=1 iGPU=0 dGPU=1 virtual=0
[GPU] Discrete graphics configuration detected
[GPU] Primary display adapter: QEMU/Bochs VGA
[GPU] NVIDIA driver skipped (no NVIDIA dGPU present)
[IOMMU] Detecting IOMMU...
[IOMMU] Initializing IOMMU subsystem...
[IOMMU] No IOMMU hardware detected
[GPU] AMD driver skipped (no AMD GPU present)
[GPU] Intel iGPU driver skipped (no Intel iGPU present)
[DisplayMgr] Init...
BGA: Probe ID = 0x0x0000B0C5
[DisplayMgr] Backend: BGA/VBE (QEMU stdvga)  1024x768@32bpp
[AC97] Init...
[CPU] Detecting CPU features...
[CPU] AMD Ryzen 9 9950X3D 16-Core Processor          
[CPU] Family=15 Model=107 Step=1
[CPU] Cores=1 Threads=2 @ 4292 MHz
=== CPU Information ===
Vendor: AMD (AuthenticAMD)
Brand: AMD Ryzen 9 9950X3D 16-Core Processor          
Family: 15  Model: 107  Stepping: 1
Cores: 1 physical, 2 logical (2 threads/core)
Frequency: 4292 MHz base
L1 Data Cache: 48 KB, 12-way, 64-byte line
L1 Instruction Cache: 32 KB, 8-way, 64-byte line
L2 Unified Cache: 1024 KB, 8-way, 64-byte line
L3 Unified Cache: 196608 KB, 9-way, 64-byte line
Features: MMX SSE SSE2 SSE3 AVX2 AVX-512 RDSEED NX x86-64
Entering main loop
[Kernel] Kernel processes spawned: 7
[SchedulerProcess] online
[NetworkProcess] online
[InputProcess] online
[AudioProcess] online
[GUIProcess] online
[ShellProcess] online
[LoggingProcess] online
[gui-autorun] launching terminal + queuing: ping 8.8.8.8
[IPv4:TX] dst=0x08080808
[IPv4:TX]   proto=1
[IPv4:TX]   plen=40
[E1000:TX] OK len=42 dst=ff:ff:ff:ff:ff:ff et=0806
[E1000:RX] len=64 src=52:55:0a:00:02:02 et=0806
[ARP] REPLY   sender=0x0A000202
[ARP]   target=0x0A00020F
[E1000:TX] OK len=74 dst=52:55:0a:00:02:02 et=0800
[E1000:RX] len=74 src=52:55:0a:00:02:02 et=0800
[IPv4] RX src=0x08080808
[IPv4]    dst=0x0A00020F
[IPv4]    proto=1
[IPv4]    plen=40
[IPv4:TX] dst=0x08080808
[IPv4:TX]   proto=1
[IPv4:TX]   plen=40
[E1000:TX] OK len=74 dst=52:55:0a:00:02:02 et=0800
[E1000:RX] len=74 src=52:55:0a:00:02:02 et=0800
[IPv4] RX src=0x08080808
[IPv4]    dst=0x0A00020F
[IPv4]    proto=1
[IPv4]    plen=40
[IPv4:TX] dst=0x08080808
[IPv4:TX]   proto=1
[IPv4:TX]   plen=40
[E1000:TX] OK len=74 dst=52:55:0a:00:02:02 et=0800
[E1000:RX] len=74 src=52:55:0a:00:02:02 et=0800
[IPv4] RX src=0x08080808
[IPv4]    dst=0x0A00020F
[IPv4]    proto=1
[IPv4]    plen=40
[IPv4:TX] dst=0x08080808
[IPv4:TX]   proto=1
[IPv4:TX]   plen=40
[E1000:TX] OK len=74 dst=52:55:0a:00:02:02 et=0800
[E1000:RX] len=74 src=52:55:0a:00:02:02 et=0800
[IPv4] RX src=0x08080808
[IPv4]    dst=0x0A00020F
[IPv4]    proto=1
[IPv4]    plen=40
