Kurono OS Starting...
Multiboot OK
[1] HAL::Init
[2] MemoryManager::Init
[3] Scheduler::Init
[4] VFS::Init
VFS.1
VFS.2
VFS.3
VFS.4
VFS: Initialized with RAMDisk support
[5] TestSuite::Run
=== Starting System Test Suite ===
Testing Memory Manager...
[PASS] AllocPage returned valid pointer
[PASS] Memory write/read verification
Testing Scheduler...
[FAIL] PID counter initialized
[PASS] CreateProcess returned valid pointer
[FAIL] Process has valid PID
[PASS] Process is in Ready state
[PASS] Scheduler has processes in queue
Testing VFS...
[PASS] VFS Root initialized
[PASS] Root is a directory
Testing Input System...
InputManager: Registered Standard PS/2 Keyboard
InputManager: Registered Generic USB Keyboard
InputManager: Initialized
InputManager: Registered Virtual Test Keyboard
[PASS] Registered Virtual Device
[PASS] Input Log file exists
Log Content: KEY DEV:0 CHAR:a
KEY DEV:2 CHAR:b

[PASS] Log contains Device 0 input
[PASS] Log contains Virtual Device input
=== Test Suite Completed ===
SOME TESTS FAILED
[6] Post-TestSuite
Initializing display...
BGA: Detecting Bochs Graphics Adapter...
BGA: Probe ID = 0x0x0000B0C5
BGA: Detected! Programming PCI BAR...
BGA: PCI dev=2 BAR0 programmed to 0x0xE0000000
BGA: Setting mode...
BGA: Mode verify: 1024x768
BGA: Framebuffer at 0xE0000000, pitch=4096
BGA: Init complete.
Graphics: Basic Init 0x00000400x0x00000300 @ 0xE0000000
Display: BGA 1024x768x32 OK
Graphics: Double buffering enabled
Display: RenderMode=1 backbuf=0x00308280 activebuf=0x00308280
Keyboard: Initializing Enhanced Driver...
Keyboard: Running self-test...
Keyboard: Controller self-test PASSED
Keyboard: Interface test PASSED
Keyboard: Repeat rate set (0x0000002B)
Keyboard: LEDs updated (0x00000000)
Keyboard: Enhanced Driver initialized
Keyboard: USB HID support initialized (stub)
Mouse: Initializing Enhanced Driver...
Mouse: Reset ACK
Mouse: Reset Response: 0x000000AA
Mouse: Reset Response: 0x00000000
Mouse: Polling rate set to 125Hz
Mouse: Defaults Set (ACK)
Mouse: Streaming Enabled (ACK)
Mouse: IntelliMouse detected (scroll wheel)
Mouse Device Info:
  Type: Mouse
  Capabilities: 0x00000007
  DPI Profile: 0 (profile 0)
  Polling Rate: 125Hz
Mouse: Enhanced Driver initialized
Mouse: Polling rate set to 1000Hz
Mouse: High precision enabled
Mouse: DPI scaling set to 1600x1600
Boot splash: logo displayed
Boot splash complete
System: Initializing Core Components...
System: Loading GUI Subsystem... [OK]
System: Loading Graphics Drivers... [OK]
System: Loading Vulkan Support... [Stubbed]
System: Loading OpenGL Support... [Stubbed]
System: All Components Initialized.
Loading embedded wallpaper...
MediaDecoder: PNG/JPEG Decoded 0x00000780x0x00000438
Embedded wallpaper decoded OK
GUI::UpdateBackbuffer: w=1024 h=768 bpp=32 pitch=4096
GUI: Drawing wallpaper...
Desktop wallpaper image set
[KVFS] Init...
KVFS: Initializing...
KVFS: Ready.
[Shell] Init...
Shell: Initialized
[LinuxCmds] Register...
[WindowsCmds] Register...
[SUPR] Init...
SUPR: Security engine initialized
[PackageManager] Init...
PkgMgr: Initialized with packages
[Network] Init...
[E1000] Scanning PCI bus...
[E1000] Found at PCI 0:3 device=0x0x0000100E
[E1000] MMIO base: 0x0xFEBC0000
[E1000] MAC: 0x00000052:0x00000054:0x00000000:0x00000012:0x00000034:0x00000056
[E1000] Link: UP, Speed: 1000 Mbps, Full Duplex: Yes
[E1000] Driver initialized successfully
Network: eth0 backed by real E1000 NIC
Network: Stack initialized (lo, eth0, wlan0)
WiFi: Driver initialized (E1000 bridge active)
[KCL] Init...
KCL: Interpreter initialized
[DualBoot] Init...
[DualBoot] Manager initialized  -  mode: Integrated (Kurono + Linux)
[DualBoot] Starting integrated boot...
[DualBoot] === INTEGRATED BOOT ===
[DualBoot] Both Kurono OS and Linux running simultaneously
[LinuxKernel] Virtual kernel initialized
[LinuxKernel] /proc initialized (13 entries)
[LinuxKernel] /sys initialized (14 entries)
[LinuxKernel] TTY subsystem initialized
[LinuxKernel] Virtual Linux 6.8.0-kurono started
[LinuxSignals] Signal system initialized
[LinuxSyscall] Initialized
[KLS] Subsystem initialized (32 packages)
[KLS] Starting Kurono Linux Subsystem...
[KLS] Initializing Linux rootfs...
[KLS] Syncing SUPR users → Linux...
[KLS] User sync complete (3 users)
[KLS] Default rootfs populated
[KLS] Linux rootfs initialized
[KLS] Mounting shared directories...
[KLS]   /home → shared
[KLS]   /tmp → shared
[KLS]   /var/log → shared
[KLS] Syncing SUPR users → Linux...
[KLS] User sync complete (3 users)
[KLS] Linux Subsystem running
[LinuxDevBridge] Device bridge initialized (15 devices)
[LinuxInit] Init system ready (13 services registered)

═══════════════════════════════════════════════════════════
  Kurono Linux Subsystem  -  Booting...
═══════════════════════════════════════════════════════════
[LinuxKernel] /proc initialized (13 entries)
  [OK] mount-proc
[LinuxKernel] /sys initialized (14 entries)
  [OK] mount-sys
[LinuxDevBridge] Device bridge initialized (15 devices)
  [OK] mount-dev
  [OK] mount-tmp
  [OK] hostname
[SharedMount] Initialized
[SharedMount] Setting up default mounts...
[SharedMount] Mounted /home <-> /home
[SharedMount] Mounted /tmp <-> /tmp
[SharedMount] Mounted /var/log <-> /var/log
[SharedMount] Mounted /proc <-> /proc
[SharedMount] Mounted /dev <-> /dev
[SharedMount] Mounted /sys <-> /sys
[SharedMount] Mounted /etc <-> /etc
[SharedMount] Mounted /mnt/kurono <-> /
[SharedMount] Mounted /boot <-> /boot
[SharedMount] Default mounts ready
  [OK] shared-mounts
[UserBridge] Initialized
[UserBridge] Synced 3 users to Linux
[UserBridge] Imported from Linux: n
[UserBridge] Imported from Linux: u
[UserBridge] Imported from Linux: g
  [OK] user-sync
  [OK] networking
  [OK] rsyslog
  [OK] cron
  [OK] sshd
  [OK] login
[LinuxInit] Desktop bridge active  -  Linux GUI apps integrated with Kurono WM
  [OK] desktop-bridge
[LinuxInit] Boot complete in 0ms
═══════════════════════════════════════════════════════════
[SharedMount] Mounted /home/user/Documents <-> /home/user/Documents
[SharedMount] Mounted /home/user/Downloads <-> /home/user/Downloads
[SharedMount] Mounted /home/user/Desktop <-> /home/user/Desktop
[UserBridge] Synced 6 users to Linux
[DualBoot] Shared data configuration applied
[DualBoot] GRUB config saved
[DualBoot] === INTEGRATED BOOT COMPLETE ===
[DualBoot] Kurono OS + Linux running as one system
[DualBoot] Same users | Same files | Same desktop
[LinuxNet] Init...
[LinuxNet] Network bridge initialized (2 interfaces)
[LinuxDrivers] Init...
BGA: Probe ID = 0x0x0000B0C5
BGA: Probe ID = 0x0x0000B0C5
[ProcFS] Initialized
[SysFS] Initialized
[LinuxDrivers] Framework initialized (26 drivers, 19 active)
[Linux] Subsystem fully integrated
[KVFS] Filesystem populated
[Desktop] Init...
WindowManager: Initialized
LockScreen::Show() called
InputManager: Registered Standard PS/2 Keyboard
InputManager: Registered Generic USB Keyboard
InputManager: Initialized
LockScreen: Scale=0.71
InputManager: New Device Detected: Generic USB Keyboard
Mouse: Left Click
Key: 52
Key: 57
Key: 52
Key: 52
Mouse: Left Click
Setup Click: 712,45
Mouse: Left Click
Setup Click: 437,373 -> User Focus
Key: 19 Char: 's'
InputField: OnKey 's'
Key: 1 Char: 'a'
InputField: OnKey 'a'
Key: 20 Char: 't'
InputField: OnKey 't'
Key: 15 Char: 'o'
InputField: OnKey 'o'
Key: 18 Char: 'r'
InputField: OnKey 'r'
Key: 21 Char: 'u'
InputField: OnKey 'u'
Key: 9 Char: 'i'
InputField: OnKey 'i'
Key: 59 Char: ''
InputField: OnKey ''
Mouse: Left Click
Setup Click: 453,402 -> Pass Focus
Key: 54
Key: 13 Char: 'M'
InputField: OnKey 'M'
Key: 5 Char: 'e'
InputField: OnKey 'e'
Key: 4 Char: 'd'
InputField: OnKey 'd'
Key: 15 Char: 'o'
InputField: OnKey 'o'
Key: 32 Char: '5'
InputField: OnKey '5'
Key: 32 Char: '5'
InputField: OnKey '5'
Key: 33 Char: '6'
InputField: OnKey '6'
Key: 28 Char: '1'
InputField: OnKey '1'
Key: 29 Char: '2'
InputField: OnKey '2'
Key: 54
Key: 29 Char: '@'
InputField: OnKey '@'
Mouse: Left Click
Setup Click: 502,483
Mouse: Left Click
[AUDIO] Initializing Sound Blaster 16...
[AUDIO] DSP version: 0x00000004.0x00000005
[AUDIO] Sound Blaster 16 initialized successfully
[VMM] Detecting hardware virtualization...
VMM: Initializing...
VMM: CPU Vendor: AuthenticAMD
VMM: Running under a hypervisor (nested virt)
VMM: AMD-V (SVM) detected
VMM: SVM is enabled
VMM: Initialization complete
[VMM] Virtualization: AuthenticAMD (AMD-V) detected
VDevices: All virtual devices initialized
  PIC: dual 8259A (master + slave)
  APIC: xAPIC at 0xFEE00000
  PIT: 8254 (3 channels)
  HPET: 3 timers at 0xFED00000
[Hypervisor] Init...
Hypervisor: Initializing...
Hypervisor: Hardware virtualization available (AMD-V)
VMExit: Handler initialized with default CPUID overrides
EPT: Manager initialized
Hypervisor: Init complete
[GPU] Detecting NVIDIA GPU...
[NVIDIA] Scanning PCI bus for NVIDIA GPUs...
[NVIDIA] No NVIDIA GPU found
[IOMMU] Detecting IOMMU...
[IOMMU] Initializing IOMMU subsystem...
[IOMMU] No IOMMU hardware detected
Entering main loop
BGA: Mode verify: 1024x768
BGA: Framebuffer at 0xE0000000, pitch=4096
Graphics: Basic Init 0x00000400x0x00000300 @ 0xE0000000
GUI: Drawing wallpaper...
